Archive member included to satisfy reference by file (symbol)

app/libapp.a(main.c.obj)      (--whole-archive)
zephyr/libzephyr.a(validate_libc.c.obj)
                              (--whole-archive)
zephyr/libzephyr.a(heap.c.obj)
                              (--whole-archive)
zephyr/libzephyr.a(boot_banner.c.obj)
                              (--whole-archive)
zephyr/libzephyr.a(cbprintf_packaged.c.obj)
                              (--whole-archive)
zephyr/libzephyr.a(clock.c.obj)
                              (--whole-archive)
zephyr/libzephyr.a(printk.c.obj)
                              (--whole-archive)
zephyr/libzephyr.a(cbprintf_complete.c.obj)
                              (--whole-archive)
zephyr/libzephyr.a(assert.c.obj)
                              (--whole-archive)
zephyr/libzephyr.a(dec.c.obj)
                              (--whole-archive)
zephyr/libzephyr.a(hex.c.obj)
                              (--whole-archive)
zephyr/libzephyr.a(rb.c.obj)  (--whole-archive)
zephyr/libzephyr.a(set.c.obj)
                              (--whole-archive)
zephyr/libzephyr.a(timeutil.c.obj)
                              (--whole-archive)
zephyr/libzephyr.a(bitarray.c.obj)
                              (--whole-archive)
zephyr/libzephyr.a(bitmask.c.obj)
                              (--whole-archive)
zephyr/libzephyr.a(getopt.c.obj)
                              (--whole-archive)
zephyr/libzephyr.a(getopt_common.c.obj)
                              (--whole-archive)
zephyr/libzephyr.a(ring_buffer.c.obj)
                              (--whole-archive)
zephyr/libzephyr.a(last_section_id.c.obj)
                              (--whole-archive)
zephyr/libzephyr.a(configs.c.obj)
                              (--whole-archive)
zephyr/libzephyr.a(stm32cube_hal.c.obj)
                              (--whole-archive)
zephyr/libzephyr.a(soc_config.c.obj)
                              (--whole-archive)
zephyr/libzephyr.a(gpioport_mgr.c.obj)
                              (--whole-archive)
zephyr/libzephyr.a(stm32_cache.c.obj)
                              (--whole-archive)
zephyr/libzephyr.a(stm32_backup_domain.c.obj)
                              (--whole-archive)
zephyr/libzephyr.a(soc.c.obj)
                              (--whole-archive)
zephyr/libzephyr.a(mem_attr.c.obj)
                              (--whole-archive)
zephyr/libzephyr.a(tracing_none.c.obj)
                              (--whole-archive)
zephyr/libzephyr.a(sem.c.obj)
                              (--whole-archive)
zephyr/libzephyr.a(thread_entry.c.obj)
                              (--whole-archive)
zephyr/arch/common/libarch__common.a(sw_isr_common.c.obj)
                              (--whole-archive)
zephyr/arch/common/libarch__common.a(init.c.obj)
                              (--whole-archive)
zephyr/arch/common/libarch__common.a(xip.c.obj)
                              (--whole-archive)
zephyr/arch/arch/arm/core/libarch__arm__core.a(fatal.c.obj)
                              (--whole-archive)
zephyr/arch/arch/arm/core/libarch__arm__core.a(nmi.c.obj)
                              (--whole-archive)
zephyr/arch/arch/arm/core/libarch__arm__core.a(nmi_on_reset.S.obj)
                              (--whole-archive)
zephyr/arch/arch/arm/core/libarch__arm__core.a(tls.c.obj)
                              (--whole-archive)
zephyr/arch/arch/arm/core/cortex_m/libarch__arm__core__cortex_m.a(fault.c.obj)
                              (--whole-archive)
zephyr/arch/arch/arm/core/cortex_m/libarch__arm__core__cortex_m.a(fault_s.S.obj)
                              (--whole-archive)
zephyr/arch/arch/arm/core/cortex_m/libarch__arm__core__cortex_m.a(fpu.c.obj)
                              (--whole-archive)
zephyr/arch/arch/arm/core/cortex_m/libarch__arm__core__cortex_m.a(reset.S.obj)
                              (--whole-archive)
zephyr/arch/arch/arm/core/cortex_m/libarch__arm__core__cortex_m.a(scb.c.obj)
                              (--whole-archive)
zephyr/arch/arch/arm/core/cortex_m/libarch__arm__core__cortex_m.a(vector_table.S.obj)
                              (--whole-archive)
zephyr/arch/arch/arm/core/cortex_m/libarch__arm__core__cortex_m.a(svc.S.obj)
                              (--whole-archive)
zephyr/arch/arch/arm/core/cortex_m/libarch__arm__core__cortex_m.a(irq_manage.c.obj)
                              (--whole-archive)
zephyr/arch/arch/arm/core/cortex_m/libarch__arm__core__cortex_m.a(prep_c.c.obj)
                              (--whole-archive)
zephyr/arch/arch/arm/core/cortex_m/libarch__arm__core__cortex_m.a(thread.c.obj)
                              (--whole-archive)
zephyr/arch/arch/arm/core/cortex_m/libarch__arm__core__cortex_m.a(cpu_idle.c.obj)
                              (--whole-archive)
zephyr/arch/arch/arm/core/cortex_m/libarch__arm__core__cortex_m.a(exc_exit.c.obj)
                              (--whole-archive)
zephyr/arch/arch/arm/core/cortex_m/libarch__arm__core__cortex_m.a(thread_abort.c.obj)
[...]
Memory Configuration

Name             Origin             Length             Attributes
FLASH            0x08000000         0x00100000         xr
RAM              0x20010000         0x00040000         xw
QSPI_PLACEHOLDER 0x90000000         0x10000000         rw
SRAM0            0x20010000         0x00040000         rw
DTCM             0x20000000         0x00010000         rw
SDRAM1           0xc0000000         0x00800000         rw
EXTMEM           0x90000000         0x01000000         rw
IDT_LIST         0xffff7fff         0x00008000         xw
*default*        0x00000000         0xffffffff

Linker script and memory map

                0x08002804                        vfprintf = __l_vfprintf
                0x00000000                        vfscanf = __l_vfscanf
LOAD zephyr/CMakeFiles/zephyr_final.dir/misc/empty_file.c.obj
LOAD zephyr/CMakeFiles/zephyr_final.dir/isr_tables.c.obj
LOAD zephyr/CMakeFiles/offsets.dir/./arch/arm/core/offsets/offsets.c.obj
LOAD app/libapp.a
LOAD zephyr/libzephyr.a
LOAD zephyr/arch/common/libarch__common.a
LOAD zephyr/arch/arch/arm/core/libarch__arm__core.a
LOAD zephyr/arch/arch/arm/core/cortex_m/libarch__arm__core__cortex_m.a
LOAD zephyr/arch/arch/arm/core/mpu/libarch__arm__core__mpu.a
LOAD zephyr/lib/libc/picolibc/liblib__libc__picolibc.a
LOAD zephyr/lib/libc/common/liblib__libc__common.a
LOAD zephyr/subsys/portability/posix/c_lib_ext/libsubsys__portability__posix__c_lib_ext.a
LOAD zephyr/drivers/interrupt_controller/libdrivers__interrupt_controller.a
LOAD zephyr/drivers/clock_control/libdrivers__clock_control.a
LOAD zephyr/drivers/console/libdrivers__console.a
LOAD zephyr/drivers/pinctrl/libdrivers__pinctrl.a
LOAD zephyr/drivers/reset/libdrivers__reset.a
LOAD zephyr/drivers/serial/libdrivers__serial.a
LOAD zephyr/drivers/timer/libdrivers__timer.a
LOAD modules/hal_stm32/stm32cube/lib..__modules__hal__stm32__stm32cube.a
LOAD zephyr/kernel/libkernel.a
LOAD zephyr/arch/common/libisr_tables.a
LOAD /home/gucio/zephyr-sdk-1.0.1/gnu/arm-zephyr-eabi/bin/../lib/gcc/arm-zephyr-eabi/14.3.0/../../../../arm-zephyr-eabi/lib/thumb/v7e-m/nofp/space/libc.a
LOAD /home/gucio/zephyr-sdk-1.0.1/gnu/arm-zephyr-eabi/bin/../lib/gcc/arm-zephyr-eabi/14.3.0/thumb/v7e-m/nofp/space/libgcc.a
                0x00000020                        _region_min_align = 0x20

.rel.plt        0x08000000        0x0
 *(SORT_BY_ALIGNMENT(.rel.plt))
                [!provide]                        PROVIDE (__rel_iplt_start = .)
 *(SORT_BY_ALIGNMENT(.rel.iplt))
 .rel.iplt      0x08000000        0x0 zephyr/CMakeFiles/zephyr_final.dir/isr_tables.c.obj
                [!provide]                        PROVIDE (__rel_iplt_end = .)

.rela.plt       0x00000000        0x0
 *(SORT_BY_ALIGNMENT(.rela.plt))
                [!provide]                        PROVIDE (__rela_iplt_start = .)
 *(SORT_BY_ALIGNMENT(.rela.iplt))
                [!provide]                        PROVIDE (__rela_iplt_end = .)

.rel.dyn
 *(SORT_BY_ALIGNMENT(.rel.*))

.rela.dyn
 *(SORT_BY_ALIGNMENT(.rela.*))

/DISCARD/
 *(SORT_BY_ALIGNMENT(.plt))

/DISCARD/
 *(SORT_BY_ALIGNMENT(.iplt))
                0x08000000                        __rom_region_start = 0x8000000

rom_start       0x08000000      0x1b4
                0x08000000                        __rom_start_address = .
 FILL mask 0x00
                0x08000000                        . = (. + (0x0 - (. - __rom_start_address)))
                0x08000000                        . = ALIGN (0x4)
                0x08000000                        . = ALIGN (0x80)
                0x08000000                        . = ALIGN (0x200)
                0x08000000                        _vector_start = .
 *(SORT_BY_ALIGNMENT(.exc_vector_table))
 *(SORT_BY_ALIGNMENT(.exc_vector_table.*))
 .exc_vector_table._vector_table_section
                0x08000000       0x40 zephyr/arch/arch/arm/core/cortex_m/libarch__arm__core__cortex_m.a(vector_table.S.obj)
                0x08000000                _vector_table
 *(SORT_BY_ALIGNMENT(.vectors))
                0x080001b4                        _vector_end = .
                0x08000040                        . = ALIGN (0x4)
 *(SORT_BY_ALIGNMENT(.gnu.linkonce.irq_vector_table*))
 .gnu.linkonce.irq_vector_table
                0x08000040      0x174 zephyr/CMakeFiles/zephyr_final.dir/isr_tables.c.obj
                0x08000040                _irq_vector_table
                0x080001b4                        _vector_end = .

text            0x080001b4     0x3470
                0x080001b4                        __text_region_start = .
 *(SORT_BY_ALIGNMENT(.text))
 .text          0x080001b4       0x30 /home/gucio/zephyr-sdk-1.0.1/gnu/arm-zephyr-eabi/bin/../lib/gcc/arm-zephyr-eabi/14.3.0/thumb/v7e-m/nofp/space/libgcc.a(_aeabi_uldivmod.o)
                0x080001b4                __aeabi_uldivmod
 .text          0x080001e4        0x4 /home/gucio/zephyr-sdk-1.0.1/gnu/arm-zephyr-eabi/bin/../lib/gcc/arm-zephyr-eabi/14.3.0/thumb/v7e-m/nofp/space/libgcc.a(_dvmd_tls.o)
                0x080001e4                __aeabi_ldiv0
                0x080001e4                __aeabi_idiv0
 .text          0x080001e8      0x2bc /home/gucio/zephyr-sdk-1.0.1/gnu/arm-zephyr-eabi/bin/../lib/gcc/arm-zephyr-eabi/14.3.0/thumb/v7e-m/nofp/space/libgcc.a(_udivmoddi4.o)
                0x080001e8                __udivmoddi4
 *(SORT_BY_ALIGNMENT(.text.*))
 .text.main     0x080004a4       0x70 app/libapp.a(main.c.obj)
                0x080004a4                main
 .text.boot_banner
                0x08000514       0x10 zephyr/libzephyr.a(boot_banner.c.obj)
 .text.char_out
                0x08000524        0xc zephyr/libzephyr.a(printk.c.obj)
 .text.__printk_hook_install
                0x08000530        0xc zephyr/libzephyr.a(printk.c.obj)
                0x08000530                __printk_hook_install
 .text.vprintk  0x0800053c       0x30 zephyr/libzephyr.a(printk.c.obj)
                0x0800053c                vprintk
 .text.st_stm32_common_config
                0x0800056c       0x14 zephyr/libzephyr.a(soc_config.c.obj)
 .text.stm32_gpioport_init
                0x08000580       0x20 zephyr/libzephyr.a(gpioport_mgr.c.obj)
 .text.stm32_gpioport_get
                0x080005a0       0x24 zephyr/libzephyr.a(gpioport_mgr.c.obj)
                0x080005a0                stm32_gpioport_get
 .text.soc_early_init_hook
                0x080005c4       0x28 zephyr/libzephyr.a(soc.c.obj)
                0x080005c4                soc_early_init_hook
 .text.mem_attr_get_regions
                0x080005ec        0xc zephyr/libzephyr.a(mem_attr.c.obj)
                0x080005ec                mem_attr_get_regions
 .text.z_thread_entry
                0x080005f8       0x34 zephyr/libzephyr.a(thread_entry.c.obj)
                0x080005f8                z_thread_entry
 .text.arch_bss_zero
                0x0800062c       0x2c zephyr/arch/common/libarch__common.a(init.c.obj)
                0x0800062c                arch_bss_zero
 .text.arch_data_copy
                0x08000658       0x50 zephyr/arch/common/libarch__common.a(xip.c.obj)
                0x08000658                arch_data_copy
 .text.z_arm_fatal_error
                0x080006a8       0x60 zephyr/arch/arch/arm/core/libarch__arm__core.a(fatal.c.obj)
                0x080006a8                z_arm_fatal_error
 .text.z_SysNmiOnReset
                0x08000708        0x8 zephyr/arch/arch/arm/core/libarch__arm__core.a(nmi_on_reset.S.obj)
                0x08000708                z_SysNmiOnReset
 .text.arch_tls_stack_setup
                0x08000710       0x40 zephyr/arch/arch/arm/core/libarch__arm__core.a(tls.c.obj)
                0x08000710                arch_tls_stack_setup
 .text.mem_manage_fault
                0x08000750       0xf0 zephyr/arch/arch/arm/core/cortex_m/libarch__arm__core__cortex_m.a(fault.c.obj)
 .text.usage_fault.isra.0
                0x08000840       0x98 zephyr/arch/arch/arm/core/cortex_m/libarch__arm__core__cortex_m.a(fault.c.obj)
 .text.bus_fault.isra.0
                0x080008d8       0xb8 zephyr/arch/arch/arm/core/cortex_m/libarch__arm__core__cortex_m.a(fault.c.obj)
 .text.z_arm_fault
                0x08000990      0x1ac zephyr/arch/arch/arm/core/cortex_m/libarch__arm__core__cortex_m.a(fault.c.obj)
                0x08000990                z_arm_fault
 .text.z_arm_fault_init
                0x08000b3c       0x18 zephyr/arch/arch/arm/core/cortex_m/libarch__arm__core__cortex_m.a(fault.c.obj)
                0x08000b3c                z_arm_fault_init
 .text.__fault  0x08000b54       0x14 zephyr/arch/arch/arm/core/cortex_m/libarch__arm__core__cortex_m.a(fault_s.S.obj)
                0x08000b54                z_arm_bus_fault
                0x08000b54                z_arm_usage_fault
                0x08000b54                z_arm_mpu_fault
                0x08000b54                z_arm_exc_spurious
                0x08000b54                z_arm_debug_monitor
                0x08000b54                z_arm_hard_fault
 .text._reset_section
                0x08000b68       0x34 zephyr/arch/arch/arm/core/cortex_m/libarch__arm__core__cortex_m.a(reset.S.obj)
                0x08000b68                z_arm_reset
                0x08000b68                __start
 .text.z_arm_svc
                0x08000b9c       0x24 zephyr/arch/arch/arm/core/cortex_m/libarch__arm__core__cortex_m.a(svc.S.obj)
                0x08000b9c                z_arm_svc
 .text.arm_irq_priority_set
                0x08000bc0       0x2c zephyr/arch/arch/arm/core/cortex_m/libarch__arm__core__cortex_m.a(irq_manage.c.obj)
                0x08000bc0                arm_irq_priority_set
 .text.relocate_vector_table
                0x08000bec       0x1c zephyr/arch/arch/arm/core/cortex_m/libarch__arm__core__cortex_m.a(prep_c.c.obj)
                0x08000bec                relocate_vector_table
 .text.z_prep_c
                0x08000c08       0x38 zephyr/arch/arch/arm/core/cortex_m/libarch__arm__core__cortex_m.a(prep_c.c.obj)
                0x08000c08                z_prep_c
 .text.arch_new_thread
                0x08000c40       0x2c zephyr/arch/arch/arm/core/cortex_m/libarch__arm__core__cortex_m.a(thread.c.obj)
                0x08000c40                arch_new_thread
 .text.z_check_thread_stack_fail
                0x08000c6c       0x2c zephyr/arch/arch/arm/core/cortex_m/libarch__arm__core__cortex_m.a(thread.c.obj)
                0x08000c6c                z_check_thread_stack_fail
 .text.arch_switch_to_main_thread
                0x08000c98       0x3c zephyr/arch/arch/arm/core/cortex_m/libarch__arm__core__cortex_m.a(thread.c.obj)
                0x08000c98                arch_switch_to_main_thread
 .text.z_arm_cpu_idle_init
                0x08000cd4        0xc zephyr/arch/arch/arm/core/cortex_m/libarch__arm__core__cortex_m.a(cpu_idle.c.obj)
                0x08000cd4                z_arm_cpu_idle_init
 .text._HandlerModeExit
                0x08000ce0       0x20 zephyr/arch/arch/arm/core/cortex_m/libarch__arm__core__cortex_m.a(exc_exit.c.obj)
                0x08000ce0                z_arm_exc_exit
                0x08000ce0                z_arm_int_exit
 .text.z_impl_k_thread_abort
                0x08000d00       0x2c zephyr/arch/arch/arm/core/cortex_m/libarch__arm__core__cortex_m.a(thread_abort.c.obj)
                0x08000d00                z_impl_k_thread_abort
 .text.z_arm_pendsv
                0x08000d2c       0x60 zephyr/arch/arch/arm/core/cortex_m/libarch__arm__core__cortex_m.a(swap_helper.S.obj)
                0x08000d2c                z_arm_pendsv
 .text.z_arm_interrupt_init
                0x08000d8c       0x18 zephyr/arch/arch/arm/core/cortex_m/libarch__arm__core__cortex_m.a(irq_init.c.obj)
                0x08000d8c                z_arm_interrupt_init
 .text._isr_wrapper
                0x08000da4       0x24 zephyr/arch/arch/arm/core/cortex_m/libarch__arm__core__cortex_m.a(isr_wrapper.c.obj)
                0x08000da4                _isr_wrapper
 .text.__aeabi_read_tp
                0x08000dc8        0xc zephyr/arch/arch/arm/core/cortex_m/libarch__arm__core__cortex_m.a(__aeabi_read_tp.S.obj)
                0x08000dc8                __aeabi_read_tp
 .text.z_arm_configure_static_mpu_regions
                0x08000dd4       0x18 zephyr/arch/arch/arm/core/mpu/libarch__arm__core__mpu.a(arm_core_mpu.c.obj)
                0x08000dd4                z_arm_configure_static_mpu_regions
 .text.z_arm_configure_dynamic_mpu_regions
                0x08000dec       0x20 zephyr/arch/arch/arm/core/mpu/libarch__arm__core__mpu.a(arm_core_mpu.c.obj)
                0x08000dec                z_arm_configure_dynamic_mpu_regions
 .text.region_init
                0x08000e0c       0x28 zephyr/arch/arch/arm/core/mpu/libarch__arm__core__mpu.a(arm_mpu.c.obj)
 .text.mpu_configure_regions
                0x08000e34       0x6c zephyr/arch/arch/arm/core/mpu/libarch__arm__core__mpu.a(arm_mpu.c.obj)
 .text.arm_core_mpu_enable
                0x08000ea0       0x18 zephyr/arch/arch/arm/core/mpu/libarch__arm__core__mpu.a(arm_mpu.c.obj)
                0x08000ea0                arm_core_mpu_enable
 .text.arm_core_mpu_disable
                0x08000eb8       0x14 zephyr/arch/arch/arm/core/mpu/libarch__arm__core__mpu.a(arm_mpu.c.obj)
                0x08000eb8                arm_core_mpu_disable
 .text.arm_core_mpu_configure_static_mpu_regions
                0x08000ecc       0x14 zephyr/arch/arch/arm/core/mpu/libarch__arm__core__mpu.a(arm_mpu.c.obj)
                0x08000ecc                arm_core_mpu_configure_static_mpu_regions
 .text.arm_core_mpu_configure_dynamic_mpu_regions
                0x08000ee0       0x38 zephyr/arch/arch/arm/core/mpu/libarch__arm__core__mpu.a(arm_mpu.c.obj)
                0x08000ee0                arm_core_mpu_configure_dynamic_mpu_regions
 .text.z_arm_mpu_init
                0x08000f18      0x184 zephyr/arch/arch/arm/core/mpu/libarch__arm__core__mpu.a(arm_mpu.c.obj)
                0x08000f18                z_arm_mpu_init
 .text.z_impl_zephyr_fputc
                0x0800109c       0x10 zephyr/lib/libc/picolibc/liblib__libc__picolibc.a(stdio.c.obj)
                0x0800109c                z_impl_zephyr_fputc
 .text.__stdout_hook_install
                0x080010ac       0x18 zephyr/lib/libc/picolibc/liblib__libc__picolibc.a(stdio.c.obj)
                0x080010ac                __stdout_hook_install
 .text.malloc_prepare
                0x080010c4       0x24 zephyr/lib/libc/common/liblib__libc__common.a(malloc.c.obj)
 .text.stm32_exti_init
                0x080010e8       0x2c zephyr/drivers/interrupt_controller/libdrivers__interrupt_controller.a(intc_exti_stm32.c.obj)
 .text.stm32_exti_is_pending
                0x08001114       0x20 zephyr/drivers/interrupt_controller/libdrivers__interrupt_controller.a(intc_exti_stm32.c.obj)
                0x08001114                stm32_exti_is_pending
 .text.stm32_exti_clear_pending
                0x08001134       0x20 zephyr/drivers/interrupt_controller/libdrivers__interrupt_controller.a(intc_exti_stm32.c.obj)
                0x08001134                stm32_exti_clear_pending
 .text.stm32_fill_irq_table
                0x08001154       0x18 zephyr/drivers/interrupt_controller/libdrivers__interrupt_controller.a(intc_gpio_stm32.c.obj)
 .text.stm32_intc_gpio_isr
                0x0800116c       0x4c zephyr/drivers/interrupt_controller/libdrivers__interrupt_controller.a(intc_gpio_stm32.c.obj)
 .text.stm32_clock_control_get_subsys_rate
                0x080011b8       0xe4 zephyr/drivers/clock_control/libdrivers__clock_control.a(clock_stm32_ll_common.c.obj)
 .text.enabled_clock
                0x0800129c       0x20 zephyr/drivers/clock_control/libdrivers__clock_control.a(clock_stm32_ll_common.c.obj)
                0x0800129c                enabled_clock
 .text.stm32_clock_control_init
                0x080012bc      0x150 zephyr/drivers/clock_control/libdrivers__clock_control.a(clock_stm32_ll_common.c.obj)
                0x080012bc                stm32_clock_control_init
 .text.get_pllsrc_frequency
                0x0800140c        0x8 zephyr/drivers/clock_control/libdrivers__clock_control.a(clock_stm32f2_f4_f7.c.obj)
                0x0800140c                get_pllsrc_frequency
 .text.config_pll_sysclock
                0x08001414       0x60 zephyr/drivers/clock_control/libdrivers__clock_control.a(clock_stm32f2_f4_f7.c.obj)
                0x08001414                config_pll_sysclock
 .text.get_pllsaisrc_frequency
                0x08001474        0x8 zephyr/drivers/clock_control/libdrivers__clock_control.a(clock_stm32f2_f4_f7.c.obj)
                0x08001474                get_pllsaisrc_frequency
 .text.config_pllsai
                0x0800147c       0x44 zephyr/drivers/clock_control/libdrivers__clock_control.a(clock_stm32f2_f4_f7.c.obj)
                0x0800147c                config_pllsai
 .text.config_enable_default_clocks
                0x080014c0       0x20 zephyr/drivers/clock_control/libdrivers__clock_control.a(clock_stm32f2_f4_f7.c.obj)
                0x080014c0                config_enable_default_clocks
 .text.uart_console_init
                0x080014e0       0x28 zephyr/drivers/console/libdrivers__console.a(uart_console.c.obj)
 .text.console_out
                0x08001508       0x28 zephyr/drivers/console/libdrivers__console.a(uart_console.c.obj)
 .text.uart_stm32_parameters_set
                0x08001530      0x148 zephyr/drivers/serial/libdrivers__serial.a(uart_stm32.c.obj)
 .text.uart_stm32_init
                0x08001678      0x148 zephyr/drivers/serial/libdrivers__serial.a(uart_stm32.c.obj)
 .text.uart_stm32_configure
                0x080017c0      0x11c zephyr/drivers/serial/libdrivers__serial.a(uart_stm32.c.obj)
 .text.elapsed  0x080018dc       0x44 zephyr/drivers/timer/libdrivers__timer.a(cortex_m_systick.c.obj)
 .text.sys_clock_driver_init
                0x08001920       0x34 zephyr/drivers/timer/libdrivers__timer.a(cortex_m_systick.c.obj)
 .text.sys_clock_isr
                0x08001954       0x70 zephyr/drivers/timer/libdrivers__timer.a(cortex_m_systick.c.obj)
                0x08001954                sys_clock_isr
 .text.sys_clock_set_timeout
                0x080019c4       0xf0 zephyr/drivers/timer/libdrivers__timer.a(cortex_m_systick.c.obj)
                0x080019c4                sys_clock_set_timeout
 .text.sys_clock_elapsed
                0x08001ab4       0x2c zephyr/drivers/timer/libdrivers__timer.a(cortex_m_systick.c.obj)
                0x08001ab4                sys_clock_elapsed
 .text.HAL_RCC_GetSysClockFreq
                0x08001ae0       0x5c modules/hal_stm32/stm32cube/lib..__modules__hal__stm32__stm32cube.a(stm32f7xx_hal_rcc.c.obj)
                0x08001ae0                HAL_RCC_GetSysClockFreq
 .text.LL_SetFlashLatency
                0x08001b3c       0xf4 modules/hal_stm32/stm32cube/lib..__modules__hal__stm32__stm32cube.a(stm32f7xx_ll_utils.c.obj)
                0x08001b3c                LL_SetFlashLatency
 .text.z_fatal_error
                0x08001c30       0x30 zephyr/kernel/libkernel.a(fatal.c.obj)
                0x08001c30                z_fatal_error
 .text.z_sys_init_run_level
                0x08001c60       0x30 zephyr/kernel/libkernel.a(init.c.obj)
 .text.bg_thread_main
                0x08001c90       0xb8 zephyr/kernel/libkernel.a(init.c.obj)
 .text.z_init_cpu
                0x08001d48       0x70 zephyr/kernel/libkernel.a(init.c.obj)
                0x08001d48                z_init_cpu
 .text.z_cstart
                0x08001db8       0xc4 zephyr/kernel/libkernel.a(init.c.obj)
                0x08001db8                z_cstart
 .text.z_setup_new_thread
                0x08001e7c       0xa4 zephyr/kernel/libkernel.a(thread.c.obj)
                0x08001e7c                z_setup_new_thread
 .text.z_dummy_thread_init
                0x08001f20       0x18 zephyr/kernel/libkernel.a(thread.c.obj)
                0x08001f20                z_dummy_thread_init
 .text.z_impl_k_wakeup
                0x08001f38       0x48 zephyr/kernel/libkernel.a(thread.c.obj)
                0x08001f38                z_impl_k_wakeup
 .text.z_swap_irqlock
                0x08001f80       0x30 zephyr/kernel/libkernel.a(sched.c.obj)
 .text.unready_thread
                0x08001fb0       0x54 zephyr/kernel/libkernel.a(sched.c.obj)
 .text.ready_thread
                0x08002004       0x80 zephyr/kernel/libkernel.a(sched.c.obj)
 .text.reschedule.isra.0
                0x08002084       0x28 zephyr/kernel/libkernel.a(sched.c.obj)
 .text.move_current_to_end_of_prio_q
                0x080020ac       0x6c zephyr/kernel/libkernel.a(sched.c.obj)
                0x080020ac                move_current_to_end_of_prio_q
 .text.z_thread_halt
                0x08002118      0x12c zephyr/kernel/libkernel.a(sched.c.obj)
                0x08002118                z_thread_halt
 .text.z_sched_lock_reschedule
                0x08002244       0x44 zephyr/kernel/libkernel.a(sched.c.obj)
                0x08002244                z_sched_lock_reschedule
 .text.z_sched_yield
                0x08002288       0x84 zephyr/kernel/libkernel.a(sched.c.obj)
                0x08002288                z_sched_yield
 .text.z_tick_sleep
                0x0800230c       0x90 zephyr/kernel/libkernel.a(sleep.c.obj)
 .text.z_sched_init
                0x0800239c       0x10 zephyr/kernel/libkernel.a(scheduler.c.obj)
                0x0800239c                z_sched_init
 .text.k_sched_lock
                0x080023ac       0x28 zephyr/kernel/libkernel.a(scheduler.c.obj)
                0x080023ac                k_sched_lock
 .text.k_sched_unlock
                0x080023d4       0x20 zephyr/kernel/libkernel.a(scheduler.c.obj)
                0x080023d4                k_sched_unlock
 .text.z_impl_k_sched_current_thread_query
                0x080023f4        0xc zephyr/kernel/libkernel.a(scheduler.c.obj)
                0x080023f4                z_impl_k_sched_current_thread_query
 .text.z_time_slice_size
                0x08002400       0x40 zephyr/kernel/libkernel.a(timeslicing.c.obj)
 .text.slice_timeout
                0x08002440       0x20 zephyr/kernel/libkernel.a(timeslicing.c.obj)
 .text.z_time_slice_reset
                0x08002460       0x44 zephyr/kernel/libkernel.a(timeslicing.c.obj)
                0x08002460                z_time_slice_reset
 .text.z_time_slice
                0x080024a4       0x5c zephyr/kernel/libkernel.a(timeslicing.c.obj)
                0x080024a4                z_time_slice
 .text.first    0x08002500       0x10 zephyr/kernel/libkernel.a(timeout.c.obj)
 .text.elapsed  0x08002510       0x10 zephyr/kernel/libkernel.a(timeout.c.obj)
 .text.z_add_timeout
                0x08002520      0x130 zephyr/kernel/libkernel.a(timeout.c.obj)
                0x08002520                z_add_timeout
 .text.z_abort_timeout
                0x08002650       0x90 zephyr/kernel/libkernel.a(timeout.c.obj)
                0x08002650                z_abort_timeout
 .text.sys_clock_announce_locked
                0x080026e0       0xd0 zephyr/kernel/libkernel.a(timeout.c.obj)
                0x080026e0                sys_clock_announce_locked
 .text.sys_clock_tick_get
                0x080027b0       0x30 zephyr/kernel/libkernel.a(timeout.c.obj)
                0x080027b0                sys_clock_tick_get
 .text.printf   0x080027e0       0x24 /home/gucio/zephyr-sdk-1.0.1/gnu/arm-zephyr-eabi/bin/../lib/gcc/arm-zephyr-eabi/14.3.0/../../../../arm-zephyr-eabi/lib/thumb/v7e-m/nofp/space/libc.a(libc_tinystdio_printf.c.o)
                0x080027e0                printf
 .text.__l_vfprintf
                0x08002804      0x488 /home/gucio/zephyr-sdk-1.0.1/gnu/arm-zephyr-eabi/bin/../lib/gcc/arm-zephyr-eabi/14.3.0/../../../../arm-zephyr-eabi/lib/thumb/v7e-m/nofp/space/libc.a(libc_tinystdio_vflprintf.c.o)
                0x08002804                __l_vfprintf
 .text._OffsetAbsSyms
                0x08002c8c        0x2 zephyr/CMakeFiles/offsets.dir/./arch/arm/core/offsets/offsets.c.obj
                0x08002c8c                _OffsetAbsSyms
 .text.chunk_size
                0x08002c8e        0xa zephyr/libzephyr.a(heap.c.obj)
 .text.free_list_add
                0x08002c98       0x4e zephyr/libzephyr.a(heap.c.obj)
 .text.sys_heap_init
                0x08002ce6       0x82 zephyr/libzephyr.a(heap.c.obj)
                0x08002ce6                sys_heap_init
 .text.arch_printk_char_out
                0x08002d68        0x4 zephyr/libzephyr.a(printk.c.obj)
                0x08002d68                arch_printk_char_out
 .text.printk   0x08002d6c       0x1a zephyr/libzephyr.a(printk.c.obj)
                0x08002d6c                printk
 .text._ConfigAbsSyms
                0x08002d86        0x2 zephyr/libzephyr.a(configs.c.obj)
                0x08002d86                _ConfigAbsSyms
 .text.dummy_gpio_pin_configure
                0x08002d88        0x6 zephyr/libzephyr.a(gpioport_mgr.c.obj)
 .text.dummy_gpio_port_get_raw
                0x08002d8e        0x6 zephyr/libzephyr.a(gpioport_mgr.c.obj)
 .text.dummy_gpio_port_set_masked_raw
                0x08002d94        0x6 zephyr/libzephyr.a(gpioport_mgr.c.obj)
 .text.dummy_gpio_port_set_bits_raw
                0x08002d9a        0x6 zephyr/libzephyr.a(gpioport_mgr.c.obj)
 .text.dummy_gpio_port_toggle_bits
                0x08002da0        0x6 zephyr/libzephyr.a(gpioport_mgr.c.obj)
 .text.dummy_gpio_port_clear_bits_raw
                0x08002da6        0x6 zephyr/libzephyr.a(gpioport_mgr.c.obj)
 .text.stm32_gpioport_configure_pin
                0x08002dac      0x12c zephyr/libzephyr.a(gpioport_mgr.c.obj)
                0x08002dac                stm32_gpioport_configure_pin
 .text.arch_early_memset
                0x08002ed8        0x4 zephyr/arch/common/libarch__common.a(init.c.obj)
                0x08002ed8                arch_early_memset
 .text.arch_early_memcpy
                0x08002edc        0x4 zephyr/arch/common/libarch__common.a(init.c.obj)
                0x08002edc                arch_early_memcpy
 .text.z_do_kernel_oops
                0x08002ee0        0x8 zephyr/arch/arch/arm/core/libarch__arm__core.a(fatal.c.obj)
                0x08002ee0                z_do_kernel_oops
 .text.z_arm_nmi
                0x08002ee8        0xe zephyr/arch/arch/arm/core/libarch__arm__core.a(nmi.c.obj)
                0x08002ee8                z_arm_nmi
 .text.z_irq_spurious
                0x08002ef6        0x8 zephyr/arch/arch/arm/core/cortex_m/libarch__arm__core__cortex_m.a(irq_manage.c.obj)
                0x08002ef6                z_irq_spurious
 .text.arch_coprocessors_disable
                0x08002efe        0x6 zephyr/arch/arch/arm/core/cortex_m/libarch__arm__core__cortex_m.a(thread.c.obj)
                0x08002efe                arch_coprocessors_disable
 .text.arch_irq_unlock_outlined
                0x08002f04        0xe zephyr/arch/arch/arm/core/cortex_m/libarch__arm__core__cortex_m.a(thread.c.obj)
                0x08002f04                arch_irq_unlock_outlined
 .text.arch_cpu_idle
                0x08002f12       0x1a zephyr/arch/arch/arm/core/cortex_m/libarch__arm__core__cortex_m.a(cpu_idle.c.obj)
                0x08002f12                arch_cpu_idle
 .text.size_to_mpu_rasr_size
                0x08002f2c       0x20 zephyr/arch/arch/arm/core/mpu/libarch__arm__core__mpu.a(arm_mpu.c.obj)
 .text.picolibc_put
                0x08002f4c        0xa zephyr/lib/libc/picolibc/liblib__libc__picolibc.a(stdio.c.obj)
 .text.stm32_exti_gpio_intc_init
                0x08002f56       0x92 zephyr/drivers/interrupt_controller/libdrivers__interrupt_controller.a(intc_gpio_stm32.c.obj)
 .text.stm32_clock_control_on
                0x08002fe8       0x44 zephyr/drivers/clock_control/libdrivers__clock_control.a(clock_stm32_ll_common.c.obj)
 .text.stm32_clock_control_off
                0x0800302c       0x2e zephyr/drivers/clock_control/libdrivers__clock_control.a(clock_stm32_ll_common.c.obj)
 .text.stm32_clock_control_configure
                0x0800305a       0x46 zephyr/drivers/clock_control/libdrivers__clock_control.a(clock_stm32_ll_common.c.obj)
 .text.stm32_clock_control_get_status
                0x080030a0       0x38 zephyr/drivers/clock_control/libdrivers__clock_control.a(clock_stm32_ll_common.c.obj)
 .text.config_regulator_voltage
                0x080030d8        0x2 zephyr/drivers/clock_control/libdrivers__clock_control.a(clock_stm32_ll_common.c.obj)
                0x080030d8                config_regulator_voltage
 .text.pinctrl_lookup_state
                0x080030da       0x24 zephyr/drivers/pinctrl/libdrivers__pinctrl.a(common.c.obj)
                0x080030da                pinctrl_lookup_state
 .text.pinctrl_configure_pins
                0x080030fe       0x38 zephyr/drivers/pinctrl/libdrivers__pinctrl.a(pinctrl_stm32.c.obj)
                0x080030fe                pinctrl_configure_pins
 .text.reset_stm32_status
                0x08003136       0x20 zephyr/drivers/reset/libdrivers__reset.a(reset_stm32.c.obj)
 .text.reset_stm32_line_assert
                0x08003156       0x1c zephyr/drivers/reset/libdrivers__reset.a(reset_stm32.c.obj)
 .text.reset_stm32_line_deassert
                0x08003172       0x1e zephyr/drivers/reset/libdrivers__reset.a(reset_stm32.c.obj)
 .text.reset_stm32_line_toggle
                0x08003190       0x16 zephyr/drivers/reset/libdrivers__reset.a(reset_stm32.c.obj)
 .text.uart_stm32_ll2cfg_databits
                0x080031a6       0x2a zephyr/drivers/serial/libdrivers__serial.a(uart_stm32.c.obj)
 .text.uart_stm32_err_check
                0x080031d0       0x5a zephyr/drivers/serial/libdrivers__serial.a(uart_stm32.c.obj)
 .text.uart_stm32_set_baudrate.isra.0
                0x0800322a       0x48 zephyr/drivers/serial/libdrivers__serial.a(uart_stm32.c.obj)
 .text.uart_stm32_poll_out
                0x08003272       0x36 zephyr/drivers/serial/libdrivers__serial.a(uart_stm32.c.obj)
 .text.uart_stm32_poll_in
                0x080032a8       0x22 zephyr/drivers/serial/libdrivers__serial.a(uart_stm32.c.obj)
 .text.uart_stm32_config_get
                0x080032ca       0x92 zephyr/drivers/serial/libdrivers__serial.a(uart_stm32.c.obj)
 .text.sys_clock_lock
                0x0800335c       0x10 zephyr/drivers/timer/libdrivers__timer.a(cortex_m_systick.c.obj)
 .text.do_device_init
                0x0800336c       0x30 zephyr/kernel/libkernel.a(device.c.obj)
                0x0800336c                do_device_init
 .text.z_impl_device_is_ready
                0x0800339c       0x16 zephyr/kernel/libkernel.a(device.c.obj)
                0x0800339c                z_impl_device_is_ready
 .text.arch_system_halt
                0x080033b2       0x10 zephyr/kernel/libkernel.a(fatal.c.obj)
                0x080033b2                arch_system_halt
 .text.k_sys_fatal_error_handler
                0x080033c2        0x6 zephyr/kernel/libkernel.a(fatal.c.obj)
                0x080033c2                k_sys_fatal_error_handler
 .text.idle     0x080033c8       0x16 zephyr/kernel/libkernel.a(idle.c.obj)
                0x080033c8                idle
 .text.z_thread_abort
                0x080033de       0x3e zephyr/kernel/libkernel.a(thread.c.obj)
                0x080033de                z_thread_abort
 .text.z_impl_k_yield
                0x0800341c        0x4 zephyr/kernel/libkernel.a(thread.c.obj)
                0x0800341c                z_impl_k_yield
 .text.sys_dlist_remove
                0x08003420       0x10 zephyr/kernel/libkernel.a(sched.c.obj)
 .text.unpend_thread_no_timeout
                0x08003430       0x14 zephyr/kernel/libkernel.a(sched.c.obj)
 .text.z_ready_thread
                0x08003444       0x1e zephyr/kernel/libkernel.a(sched.c.obj)
                0x08003444                z_ready_thread
 .text.z_sched_ready_locked
                0x08003462        0x4 zephyr/kernel/libkernel.a(sched.c.obj)
                0x08003462                z_sched_ready_locked
 .text.z_sched_unready_locked
                0x08003466        0x4 zephyr/kernel/libkernel.a(sched.c.obj)
                0x08003466                z_sched_unready_locked
 .text.z_sched_wake_thread_locked
                0x0800346a       0x28 zephyr/kernel/libkernel.a(sched.c.obj)
                0x0800346a                z_sched_wake_thread_locked
 .text.z_thread_timeout
                0x08003492       0x30 zephyr/kernel/libkernel.a(sched.c.obj)
                0x08003492                z_thread_timeout
 .text.z_reschedule
                0x080034c2        0x6 zephyr/kernel/libkernel.a(sched.c.obj)
                0x080034c2                z_reschedule
 .text.z_impl_k_sleep
                0x080034c8       0x32 zephyr/kernel/libkernel.a(sleep.c.obj)
                0x080034c8                z_impl_k_sleep
 .text.next_timeout
                0x080034fa       0x2e zephyr/kernel/libkernel.a(timeout.c.obj)
 .text.sys_clock_tick_get_32
                0x08003528        0x8 zephyr/kernel/libkernel.a(timeout.c.obj)
                0x08003528                sys_clock_tick_get_32
 .text.memcpy   0x08003530       0x1c /home/gucio/zephyr-sdk-1.0.1/gnu/arm-zephyr-eabi/bin/../lib/gcc/arm-zephyr-eabi/14.3.0/../../../../arm-zephyr-eabi/lib/thumb/v7e-m/nofp/space/libc.a(memcpy.c.o)
                0x08003530                memcpy
                0x08003530                __aeabi_memcpy
                0x08003530                __aeabi_memcpy4
                0x08003530                __aeabi_memcpy8
 .text.memset   0x0800354c       0x10 /home/gucio/zephyr-sdk-1.0.1/gnu/arm-zephyr-eabi/bin/../lib/gcc/arm-zephyr-eabi/14.3.0/../../../../arm-zephyr-eabi/lib/thumb/v7e-m/nofp/space/libc.a(memset.c.o)
                0x0800354c                memset
 .text.strnlen  0x0800355c       0x18 /home/gucio/zephyr-sdk-1.0.1/gnu/arm-zephyr-eabi/bin/../lib/gcc/arm-zephyr-eabi/14.3.0/../../../../arm-zephyr-eabi/lib/thumb/v7e-m/nofp/space/libc.a(libc_string_strnlen.c.o)
                0x0800355c                strnlen
 .text.__ultoa_invert
                0x08003574       0xae /home/gucio/zephyr-sdk-1.0.1/gnu/arm-zephyr-eabi/bin/../lib/gcc/arm-zephyr-eabi/14.3.0/../../../../arm-zephyr-eabi/lib/thumb/v7e-m/nofp/space/libc.a(libc_tinystdio_vflprintf.c.o)
 *(SORT_BY_ALIGNMENT(.gnu.linkonce.t.*))
 *(SORT_BY_ALIGNMENT(.glue_7t))
 .glue_7t       0x08003622        0x0 linker stubs
 *(SORT_BY_ALIGNMENT(.glue_7))
 .glue_7        0x08003622        0x0 linker stubs
 *(SORT_BY_ALIGNMENT(.vfp11_veneer))
 .vfp11_veneer  0x08003622        0x0 linker stubs
 *(SORT_BY_ALIGNMENT(.v4_bx))
 .v4_bx         0x08003622        0x0 linker stubs
                0x08003624                        . = ALIGN (0x4)
 *fill*         0x08003622        0x2 
                0x08003624                        __text_region_end = .

.ARM.exidx      0x08003624        0x8
                0x08003624                        __exidx_start = .
 *(SORT_BY_ALIGNMENT(.ARM.exidx*) SORT_BY_ALIGNMENT(gnu.linkonce.armexidx.*))
 .ARM.exidx     0x08003624        0x8 /home/gucio/zephyr-sdk-1.0.1/gnu/arm-zephyr-eabi/bin/../lib/gcc/arm-zephyr-eabi/14.3.0/thumb/v7e-m/nofp/space/libgcc.a(_udivmoddi4.o)
                0x0800362c                        __exidx_end = .
                0x0800362c                        __rodata_region_start = .

initlevel       0x0800362c       0xb0
                0x0800362c                        __init_start = .
                0x0800362c                        __init_EARLY_start = .
 *(SORT_BY_NAME(SORT_BY_ALIGNMENT(.z_init_EARLY_P_?_*)))
 *(SORT_BY_NAME(SORT_BY_ALIGNMENT(.z_init_EARLY_P_??_*)))
 *(SORT_BY_NAME(SORT_BY_ALIGNMENT(.z_init_EARLY_P_???_*)))
                0x0800362c                        __init_PRE_KERNEL_1_start = .
 *(SORT_BY_NAME(SORT_BY_ALIGNMENT(.z_init_PRE_KERNEL_1_P_?_*)))
 .z_init_PRE_KERNEL_1_P_1_SUB_00009_
                0x0800362c        0x8 zephyr/drivers/clock_control/libdrivers__clock_control.a(clock_stm32_ll_common.c.obj)
 .z_init_PRE_KERNEL_1_P_1_SUB_0_
                0x08003634        0x8 zephyr/libzephyr.a(soc_config.c.obj)
 *(SORT_BY_NAME(SORT_BY_ALIGNMENT(.z_init_PRE_KERNEL_1_P_??_*)))
 .z_init_PRE_KERNEL_1_P_35_SUB_00059_
                0x0800363c        0x8 zephyr/drivers/reset/libdrivers__reset.a(reset_stm32.c.obj)
 .z_init_PRE_KERNEL_1_P_40_SUB_00043_
                0x08003644        0x8 zephyr/libzephyr.a(gpioport_mgr.c.obj)
 .z_init_PRE_KERNEL_1_P_40_SUB_00066_
                0x0800364c        0x8 zephyr/drivers/interrupt_controller/libdrivers__interrupt_controller.a(intc_exti_stm32.c.obj)
 .z_init_PRE_KERNEL_1_P_40_SUB_00069_
                0x08003654        0x8 zephyr/libzephyr.a(gpioport_mgr.c.obj)
 .z_init_PRE_KERNEL_1_P_40_SUB_00089_
                0x0800365c        0x8 zephyr/libzephyr.a(gpioport_mgr.c.obj)
 .z_init_PRE_KERNEL_1_P_40_SUB_00109_
                0x08003664        0x8 zephyr/libzephyr.a(gpioport_mgr.c.obj)
 .z_init_PRE_KERNEL_1_P_40_SUB_00196_
                0x0800366c        0x8 zephyr/libzephyr.a(gpioport_mgr.c.obj)
 .z_init_PRE_KERNEL_1_P_40_SUB_00197_
                0x08003674        0x8 zephyr/libzephyr.a(gpioport_mgr.c.obj)
 .z_init_PRE_KERNEL_1_P_40_SUB_00198_
                0x0800367c        0x8 zephyr/libzephyr.a(gpioport_mgr.c.obj)
 .z_init_PRE_KERNEL_1_P_40_SUB_00199_
                0x08003684        0x8 zephyr/libzephyr.a(gpioport_mgr.c.obj)
 .z_init_PRE_KERNEL_1_P_40_SUB_00200_
                0x0800368c        0x8 zephyr/libzephyr.a(gpioport_mgr.c.obj)
 .z_init_PRE_KERNEL_1_P_40_SUB_00201_
                0x08003694        0x8 zephyr/libzephyr.a(gpioport_mgr.c.obj)
 .z_init_PRE_KERNEL_1_P_40_SUB_00202_
                0x0800369c        0x8 zephyr/libzephyr.a(gpioport_mgr.c.obj)
 .z_init_PRE_KERNEL_1_P_40_SUB_0_
                0x080036a4        0x8 zephyr/drivers/interrupt_controller/libdrivers__interrupt_controller.a(intc_gpio_stm32.c.obj)
 .z_init_PRE_KERNEL_1_P_50_SUB_00085_
                0x080036ac        0x8 zephyr/drivers/serial/libdrivers__serial.a(uart_stm32.c.obj)
 .z_init_PRE_KERNEL_1_P_50_SUB_00088_
                0x080036b4        0x8 zephyr/drivers/serial/libdrivers__serial.a(uart_stm32.c.obj)
 .z_init_PRE_KERNEL_1_P_60_SUB_0_
                0x080036bc        0x8 zephyr/drivers/console/libdrivers__console.a(uart_console.c.obj)
 *(SORT_BY_NAME(SORT_BY_ALIGNMENT(.z_init_PRE_KERNEL_1_P_???_*)))
                0x080036c4                        __init_PRE_KERNEL_2_start = .
 *(SORT_BY_NAME(SORT_BY_ALIGNMENT(.z_init_PRE_KERNEL_2_P_?_*)))
 .z_init_PRE_KERNEL_2_P_0_SUB_0_
                0x080036c4        0x8 zephyr/drivers/timer/libdrivers__timer.a(cortex_m_systick.c.obj)
 *(SORT_BY_NAME(SORT_BY_ALIGNMENT(.z_init_PRE_KERNEL_2_P_??_*)))
 *(SORT_BY_NAME(SORT_BY_ALIGNMENT(.z_init_PRE_KERNEL_2_P_???_*)))
                0x080036cc                        __init_POST_KERNEL_start = .
 *(SORT_BY_NAME(SORT_BY_ALIGNMENT(.z_init_POST_KERNEL_P_?_*)))
 *(SORT_BY_NAME(SORT_BY_ALIGNMENT(.z_init_POST_KERNEL_P_??_*)))
 .z_init_POST_KERNEL_P_35_SUB_0_
                0x080036cc        0x8 zephyr/lib/libc/common/liblib__libc__common.a(malloc.c.obj)
 *(SORT_BY_NAME(SORT_BY_ALIGNMENT(.z_init_POST_KERNEL_P_???_*)))
                0x080036d4                        __init_APPLICATION_start = .
 *(SORT_BY_NAME(SORT_BY_ALIGNMENT(.z_init_APPLICATION_P_?_*)))
 .z_init_APPLICATION_P_0_SUB_0_
                0x080036d4        0x8 zephyr/libzephyr.a(boot_banner.c.obj)
 *(SORT_BY_NAME(SORT_BY_ALIGNMENT(.z_init_APPLICATION_P_??_*)))
 *(SORT_BY_NAME(SORT_BY_ALIGNMENT(.z_init_APPLICATION_P_???_*)))
                0x080036dc                        __init_SMP_start = .
 *(SORT_BY_NAME(SORT_BY_ALIGNMENT(.z_init_SMP_P_?_*)))
 *(SORT_BY_NAME(SORT_BY_ALIGNMENT(.z_init_SMP_P_??_*)))
 *(SORT_BY_NAME(SORT_BY_ALIGNMENT(.z_init_SMP_P_???_*)))
                0x080036dc                        __init_end = .

device_area     0x080036dc      0x1c0
                0x080036dc                        _device_list_start = .
 *(SORT_BY_NAME(SORT_BY_ALIGNMENT(._device.static.*_?_*)))
 ._device.static.1_1_
                0x080036dc       0x1c zephyr/drivers/clock_control/libdrivers__clock_control.a(clock_stm32_ll_common.c.obj)
                0x080036dc                __device_dts_ord_9
 *(SORT_BY_NAME(SORT_BY_ALIGNMENT(._device.static.*_??_*)))
 ._device.static.1_35_
                0x080036f8       0x1c zephyr/drivers/reset/libdrivers__reset.a(reset_stm32.c.obj)
                0x080036f8                __device_dts_ord_59
 ._device.static.1_40_
                0x08003714      0x134 zephyr/libzephyr.a(gpioport_mgr.c.obj)
                0x08003714                __device_dts_ord_109
                0x08003730                __device_dts_ord_202
                0x0800374c                __device_dts_ord_43
                0x08003768                __device_dts_ord_201
                0x08003784                __device_dts_ord_200
                0x080037a0                __device_dts_ord_199
                0x080037bc                __device_dts_ord_198
                0x080037d8                __device_dts_ord_197
                0x080037f4                __device_dts_ord_69
                0x08003810                __device_dts_ord_196
                0x0800382c                __device_dts_ord_89
 ._device.static.1_40_
                0x08003848       0x1c zephyr/drivers/interrupt_controller/libdrivers__interrupt_controller.a(intc_exti_stm32.c.obj)
                0x08003848                __device_dts_ord_66
 ._device.static.1_50_
                0x08003864       0x38 zephyr/drivers/serial/libdrivers__serial.a(uart_stm32.c.obj)
                0x08003864                __device_dts_ord_88
                0x08003880                __device_dts_ord_85
 *(SORT_BY_NAME(SORT_BY_ALIGNMENT(._device.static.*_???_*)))
 *(SORT_BY_NAME(SORT_BY_ALIGNMENT(._device.static.*_????_*)))
 *(SORT_BY_NAME(SORT_BY_ALIGNMENT(._device.static.*_?????_*)))
                0x0800389c                        _device_list_end = .

sw_isr_table    0x0800389c      0x2e8
                0x0800389c                        . = ALIGN (0x4)
 *(SORT_BY_ALIGNMENT(.gnu.linkonce.sw_isr_table*))
 .gnu.linkonce.sw_isr_table
                0x0800389c      0x2e8 zephyr/CMakeFiles/zephyr_final.dir/isr_tables.c.obj
                0x0800389c                _sw_isr_table

initlevel_error
 *(SORT_BY_NAME(SORT_BY_ALIGNMENT(.z_init_*)))
                0x00000001                        ASSERT ((SIZEOF (initlevel_error) == 0x0), Undefined initialization levels used.)

app_shmem_regions
                0x08003b84        0x0
                0x08003b84                        __app_shmem_regions_start = .
 *(SORT_BY_NAME(SORT_BY_ALIGNMENT(.app_regions.*)))
                0x08003b84                        __app_shmem_regions_end = .

k_p4wq_initparam_area
                0x08003b84        0x0
                0x08003b84                        _k_p4wq_initparam_list_start = .
 *(SORT_BY_NAME(SORT_BY_ALIGNMENT(._k_p4wq_initparam.static.*)))
                0x08003b84                        _k_p4wq_initparam_list_end = .

_static_thread_data_area
                0x08003b84        0x0
                0x08003b84                        __static_thread_data_list_start = .
 *(SORT_BY_NAME(SORT_BY_ALIGNMENT(.__static_thread_data.static.*)))
                0x08003b84                        __static_thread_data_list_end = .

device_deps     0x08003b84        0x0
                0x08003b84                        __device_deps_start = .
 *(SORT_BY_NAME(SORT_BY_ALIGNMENT(.__device_deps_pass2*)))
                0x08003b84                        __device_deps_end = .

device_api_area
                0x08003b84       0x64
                0x08003b84                        _reset_driver_api_list_start = .
 *(SORT_BY_NAME(SORT_BY_ALIGNMENT(._reset_driver_api.static.*)))
 ._reset_driver_api.static.reset_stm32_driver_api_
                0x08003b84       0x10 zephyr/drivers/reset/libdrivers__reset.a(reset_stm32.c.obj)
                0x08003b94                        _reset_driver_api_list_end = .
                0x08003b94                        _reset_driver_api_ext_end = .
                0x08003b94                        _shared_irq_driver_api_list_start = .
 *(SORT_BY_NAME(SORT_BY_ALIGNMENT(._shared_irq_driver_api.static.*)))
                0x08003b94                        _shared_irq_driver_api_list_end = .
                0x08003b94                        _shared_irq_driver_api_ext_end = .
                0x08003b94                        _dmic_driver_api_list_start = .
 *(SORT_BY_NAME(SORT_BY_ALIGNMENT(._dmic_driver_api.static.*)))
                0x08003b94                        _dmic_driver_api_list_end = .
                0x08003b94                        _dmic_driver_api_ext_end = .
                0x08003b94                        _crypto_driver_api_list_start = .
 *(SORT_BY_NAME(SORT_BY_ALIGNMENT(._crypto_driver_api.static.*)))
                0x08003b94                        _crypto_driver_api_list_end = .
                0x08003b94                        _crypto_driver_api_ext_end = .
                0x08003b94                        _adc_driver_api_list_start = .
 *(SORT_BY_NAME(SORT_BY_ALIGNMENT(._adc_driver_api.static.*)))
                0x08003b94                        _adc_driver_api_list_end = .
                0x08003b94                        _adc_driver_api_ext_end = .
                0x08003b94                        _auxdisplay_driver_api_list_start = .
 *(SORT_BY_NAME(SORT_BY_ALIGNMENT(._auxdisplay_driver_api.static.*)))
                0x08003b94                        _auxdisplay_driver_api_list_end = .
                0x08003b94                        _auxdisplay_driver_api_ext_end = .
                0x08003b94                        _bbram_driver_api_list_start = .
 *(SORT_BY_NAME(SORT_BY_ALIGNMENT(._bbram_driver_api.static.*)))
                0x08003b94                        _bbram_driver_api_list_end = .
                0x08003b94                        _bbram_driver_api_ext_end = .
                0x08003b94                        _biometric_driver_api_list_start = .
 *(SORT_BY_NAME(SORT_BY_ALIGNMENT(._biometric_driver_api.static.*)))
                0x08003b94                        _biometric_driver_api_list_end = .
                0x08003b94                        _biometric_driver_api_ext_end = .
                0x08003b94                        _bt_hci_driver_api_list_start = .
 *(SORT_BY_NAME(SORT_BY_ALIGNMENT(._bt_hci_driver_api.static.*)))
                0x08003b94                        _bt_hci_driver_api_list_end = .
                0x08003b94                        _bt_hci_driver_api_ext_end = .
                0x08003b94                        _buzzer_driver_api_list_start = .
 *(SORT_BY_NAME(SORT_BY_ALIGNMENT(._buzzer_driver_api.static.*)))
                0x08003b94                        _buzzer_driver_api_list_end = .
                0x08003b94                        _buzzer_driver_api_ext_end = .
                0x08003b94                        _can_driver_api_list_start = .
 *(SORT_BY_NAME(SORT_BY_ALIGNMENT(._can_driver_api.static.*)))
                0x08003b94                        _can_driver_api_list_end = .
                0x08003b94                        _can_driver_api_ext_end = .
                0x08003b94                        _cellular_driver_api_list_start = .
 *(SORT_BY_NAME(SORT_BY_ALIGNMENT(._cellular_driver_api.static.*)))
                0x08003b94                        _cellular_driver_api_list_end = .
                0x08003b94                        _cellular_driver_api_ext_end = .
                0x08003b94                        _charger_driver_api_list_start = .
 *(SORT_BY_NAME(SORT_BY_ALIGNMENT(._charger_driver_api.static.*)))
                0x08003b94                        _charger_driver_api_list_end = .
                0x08003b94                        _charger_driver_api_ext_end = .
                0x08003b94                        _clock_control_driver_api_list_start = .
 *(SORT_BY_NAME(SORT_BY_ALIGNMENT(._clock_control_driver_api.static.*)))
 ._clock_control_driver_api.static.stm32_clock_control_api_
                0x08003b94       0x1c zephyr/drivers/clock_control/libdrivers__clock_control.a(clock_stm32_ll_common.c.obj)
                0x08003bb0                        _clock_control_driver_api_list_end = .
                0x08003bb0                        _nrf_clock_control_driver_api_list_start = .
 *(SORT_BY_NAME(SORT_BY_ALIGNMENT(._nrf_clock_control_driver_api.static.*)))
                0x08003bb0                        _nrf_clock_control_driver_api_list_end = .
                0x08003bb0                        _nrf_clock_control_driver_api_ext_end = .
                0x08003bb0                        _clock_control_driver_api_ext_end = .
                0x08003bb0                        _comparator_driver_api_list_start = .
 *(SORT_BY_NAME(SORT_BY_ALIGNMENT(._comparator_driver_api.static.*)))
                0x08003bb0                        _comparator_driver_api_list_end = .
                0x08003bb0                        _comparator_driver_api_ext_end = .
                0x08003bb0                        _coredump_driver_api_list_start = .
 *(SORT_BY_NAME(SORT_BY_ALIGNMENT(._coredump_driver_api.static.*)))
                0x08003bb0                        _coredump_driver_api_list_end = .
                0x08003bb0                        _coredump_driver_api_ext_end = .
                0x08003bb0                        _counter_driver_api_list_start = .
 *(SORT_BY_NAME(SORT_BY_ALIGNMENT(._counter_driver_api.static.*)))
                0x08003bb0                        _counter_driver_api_list_end = .
                0x08003bb0                        _counter_driver_api_ext_end = .
                0x08003bb0                        _crc_driver_api_list_start = .
 *(SORT_BY_NAME(SORT_BY_ALIGNMENT(._crc_driver_api.static.*)))
                0x08003bb0                        _crc_driver_api_list_end = .
                0x08003bb0                        _crc_driver_api_ext_end = .
                0x08003bb0                        _dac_driver_api_list_start = .
 *(SORT_BY_NAME(SORT_BY_ALIGNMENT(._dac_driver_api.static.*)))
                0x08003bb0                        _dac_driver_api_list_end = .
                0x08003bb0                        _dac_driver_api_ext_end = .
                0x08003bb0                        _dai_driver_api_list_start = .
 *(SORT_BY_NAME(SORT_BY_ALIGNMENT(._dai_driver_api.static.*)))
                0x08003bb0                        _dai_driver_api_list_end = .
                0x08003bb0                        _dai_driver_api_ext_end = .
                0x08003bb0                        _dali_driver_api_list_start = .
 *(SORT_BY_NAME(SORT_BY_ALIGNMENT(._dali_driver_api.static.*)))
                0x08003bb0                        _dali_driver_api_list_end = .
                0x08003bb0                        _dali_driver_api_ext_end = .
                0x08003bb0                        _display_driver_api_list_start = .
 *(SORT_BY_NAME(SORT_BY_ALIGNMENT(._display_driver_api.static.*)))
                0x08003bb0                        _display_driver_api_list_end = .
                0x08003bb0                        _display_driver_api_ext_end = .
                0x08003bb0                        _dma_driver_api_list_start = .
 *(SORT_BY_NAME(SORT_BY_ALIGNMENT(._dma_driver_api.static.*)))
                0x08003bb0                        _dma_driver_api_list_end = .
                0x08003bb0                        _dma_driver_api_ext_end = .
                0x08003bb0                        _edac_driver_api_list_start = .
 *(SORT_BY_NAME(SORT_BY_ALIGNMENT(._edac_driver_api.static.*)))
                0x08003bb0                        _edac_driver_api_list_end = .
                0x08003bb0                        _edac_driver_api_ext_end = .
                0x08003bb0                        _eeprom_driver_api_list_start = .
 *(SORT_BY_NAME(SORT_BY_ALIGNMENT(._eeprom_driver_api.static.*)))
                0x08003bb0                        _eeprom_driver_api_list_end = .
                0x08003bb0                        _eeprom_driver_api_ext_end = .
                0x08003bb0                        _emul_bbram_driver_api_list_start = .
 *(SORT_BY_NAME(SORT_BY_ALIGNMENT(._emul_bbram_driver_api.static.*)))
                0x08003bb0                        _emul_bbram_driver_api_list_end = .
                0x08003bb0                        _emul_bbram_driver_api_ext_end = .
                0x08003bb0                        _fuel_gauge_emul_driver_api_list_start = .
 *(SORT_BY_NAME(SORT_BY_ALIGNMENT(._fuel_gauge_emul_driver_api.static.*)))
                0x08003bb0                        _fuel_gauge_emul_driver_api_list_end = .
                0x08003bb0                        _fuel_gauge_emul_driver_api_ext_end = .
                0x08003bb0                        _emul_sensor_driver_api_list_start = .
 *(SORT_BY_NAME(SORT_BY_ALIGNMENT(._emul_sensor_driver_api.static.*)))
                0x08003bb0                        _emul_sensor_driver_api_list_end = .
                0x08003bb0                        _emul_sensor_driver_api_ext_end = .
                0x08003bb0                        _entropy_driver_api_list_start = .
 *(SORT_BY_NAME(SORT_BY_ALIGNMENT(._entropy_driver_api.static.*)))
                0x08003bb0                        _entropy_driver_api_list_end = .
                0x08003bb0                        _entropy_driver_api_ext_end = .
                0x08003bb0                        _espi_driver_api_list_start = .
 *(SORT_BY_NAME(SORT_BY_ALIGNMENT(._espi_driver_api.static.*)))
                0x08003bb0                        _espi_driver_api_list_end = .
                0x08003bb0                        _emul_espi_driver_api_list_start = .
 *(SORT_BY_NAME(SORT_BY_ALIGNMENT(._emul_espi_driver_api.static.*)))
                0x08003bb0                        _emul_espi_driver_api_list_end = .
                0x08003bb0                        _emul_espi_driver_api_ext_end = .
                0x08003bb0                        _espi_driver_api_ext_end = .
                0x08003bb0                        _espi_saf_driver_api_list_start = .
 *(SORT_BY_NAME(SORT_BY_ALIGNMENT(._espi_saf_driver_api.static.*)))
                0x08003bb0                        _espi_saf_driver_api_list_end = .
                0x08003bb0                        _espi_saf_driver_api_ext_end = .
                0x08003bb0                        _flash_driver_api_list_start = .
 *(SORT_BY_NAME(SORT_BY_ALIGNMENT(._flash_driver_api.static.*)))
                0x08003bb0                        _flash_driver_api_list_end = .
                0x08003bb0                        _flash_driver_api_ext_end = .
                0x08003bb0                        _fpga_driver_api_list_start = .
 *(SORT_BY_NAME(SORT_BY_ALIGNMENT(._fpga_driver_api.static.*)))
                0x08003bb0                        _fpga_driver_api_list_end = .
                0x08003bb0                        _fpga_driver_api_ext_end = .
                0x08003bb0                        _fuel_gauge_driver_api_list_start = .
 *(SORT_BY_NAME(SORT_BY_ALIGNMENT(._fuel_gauge_driver_api.static.*)))
                0x08003bb0                        _fuel_gauge_driver_api_list_end = .
                0x08003bb0                        _fuel_gauge_driver_api_ext_end = .
                0x08003bb0                        _gnss_driver_api_list_start = .
 *(SORT_BY_NAME(SORT_BY_ALIGNMENT(._gnss_driver_api.static.*)))
                0x08003bb0                        _gnss_driver_api_list_end = .
                0x08003bb0                        _gnss_driver_api_ext_end = .
                0x08003bb0                        _gpio_driver_api_list_start = .
 *(SORT_BY_NAME(SORT_BY_ALIGNMENT(._gpio_driver_api.static.*)))
 ._gpio_driver_api.static.dummy_gpio_api_
                0x08003bb0       0x24 zephyr/libzephyr.a(gpioport_mgr.c.obj)
                0x08003bd4                        _gpio_driver_api_list_end = .
                0x08003bd4                        _gpio_driver_api_ext_end = .
                0x08003bd4                        _haptics_driver_api_list_start = .
 *(SORT_BY_NAME(SORT_BY_ALIGNMENT(._haptics_driver_api.static.*)))
                0x08003bd4                        _haptics_driver_api_list_end = .
                0x08003bd4                        _haptics_driver_api_ext_end = .
                0x08003bd4                        _hwspinlock_driver_api_list_start = .
 *(SORT_BY_NAME(SORT_BY_ALIGNMENT(._hwspinlock_driver_api.static.*)))
                0x08003bd4                        _hwspinlock_driver_api_list_end = .
                0x08003bd4                        _hwspinlock_driver_api_ext_end = .
                0x08003bd4                        _i2c_driver_api_list_start = .
 *(SORT_BY_NAME(SORT_BY_ALIGNMENT(._i2c_driver_api.static.*)))
                0x08003bd4                        _i2c_driver_api_list_end = .
                0x08003bd4                        _i3c_driver_api_list_start = .
 *(SORT_BY_NAME(SORT_BY_ALIGNMENT(._i3c_driver_api.static.*)))
                0x08003bd4                        _i3c_driver_api_list_end = .
                0x08003bd4                        _i3c_driver_api_ext_end = .
                0x08003bd4                        _i2c_driver_api_ext_end = .
                0x08003bd4                        _i2c_target_driver_api_list_start = .
 *(SORT_BY_NAME(SORT_BY_ALIGNMENT(._i2c_target_driver_api.static.*)))
                0x08003bd4                        _i2c_target_driver_api_list_end = .
                0x08003bd4                        _i2c_target_driver_api_ext_end = .
                0x08003bd4                        _i2s_driver_api_list_start = .
 *(SORT_BY_NAME(SORT_BY_ALIGNMENT(._i2s_driver_api.static.*)))
                0x08003bd4                        _i2s_driver_api_list_end = .
                0x08003bd4                        _i2s_driver_api_ext_end = .
                0x08003bd4                        _ipm_driver_api_list_start = .
 *(SORT_BY_NAME(SORT_BY_ALIGNMENT(._ipm_driver_api.static.*)))
                0x08003bd4                        _ipm_driver_api_list_end = .
                0x08003bd4                        _ipm_driver_api_ext_end = .
                0x08003bd4                        _led_driver_api_list_start = .
 *(SORT_BY_NAME(SORT_BY_ALIGNMENT(._led_driver_api.static.*)))
                0x08003bd4                        _led_driver_api_list_end = .
                0x08003bd4                        _led_driver_api_ext_end = .
                0x08003bd4                        _led_strip_driver_api_list_start = .
 *(SORT_BY_NAME(SORT_BY_ALIGNMENT(._led_strip_driver_api.static.*)))
                0x08003bd4                        _led_strip_driver_api_list_end = .
                0x08003bd4                        _led_strip_driver_api_ext_end = .
                0x08003bd4                        _lora_driver_api_list_start = .
 *(SORT_BY_NAME(SORT_BY_ALIGNMENT(._lora_driver_api.static.*)))
                0x08003bd4                        _lora_driver_api_list_end = .
                0x08003bd4                        _lora_driver_api_ext_end = .
                0x08003bd4                        _mbox_driver_api_list_start = .
 *(SORT_BY_NAME(SORT_BY_ALIGNMENT(._mbox_driver_api.static.*)))
                0x08003bd4                        _mbox_driver_api_list_end = .
                0x08003bd4                        _mbox_driver_api_ext_end = .
                0x08003bd4                        _mdio_driver_api_list_start = .
 *(SORT_BY_NAME(SORT_BY_ALIGNMENT(._mdio_driver_api.static.*)))
                0x08003bd4                        _mdio_driver_api_list_end = .
                0x08003bd4                        _mdio_driver_api_ext_end = .
                0x08003bd4                        _mipi_dbi_driver_api_list_start = .
 *(SORT_BY_NAME(SORT_BY_ALIGNMENT(._mipi_dbi_driver_api.static.*)))
                0x08003bd4                        _mipi_dbi_driver_api_list_end = .
                0x08003bd4                        _mipi_dbi_driver_api_ext_end = .
                0x08003bd4                        _mipi_dsi_driver_api_list_start = .
 *(SORT_BY_NAME(SORT_BY_ALIGNMENT(._mipi_dsi_driver_api.static.*)))
                0x08003bd4                        _mipi_dsi_driver_api_list_end = .
                0x08003bd4                        _mipi_dsi_driver_api_ext_end = .
                0x08003bd4                        _mspi_driver_api_list_start = .
 *(SORT_BY_NAME(SORT_BY_ALIGNMENT(._mspi_driver_api.static.*)))
                0x08003bd4                        _mspi_driver_api_list_end = .
                0x08003bd4                        _emul_mspi_driver_api_list_start = .
 *(SORT_BY_NAME(SORT_BY_ALIGNMENT(._emul_mspi_driver_api.static.*)))
                0x08003bd4                        _emul_mspi_driver_api_list_end = .
                0x08003bd4                        _emul_mspi_driver_api_ext_end = .
                0x08003bd4                        _mspi_driver_api_ext_end = .
                0x08003bd4                        _opamp_driver_api_list_start = .
 *(SORT_BY_NAME(SORT_BY_ALIGNMENT(._opamp_driver_api.static.*)))
                0x08003bd4                        _opamp_driver_api_list_end = .
                0x08003bd4                        _opamp_driver_api_ext_end = .
                0x08003bd4                        _otp_driver_api_list_start = .
 *(SORT_BY_NAME(SORT_BY_ALIGNMENT(._otp_driver_api.static.*)))
                0x08003bd4                        _otp_driver_api_list_end = .
                0x08003bd4                        _otp_driver_api_ext_end = .
                0x08003bd4                        _peci_driver_api_list_start = .
 *(SORT_BY_NAME(SORT_BY_ALIGNMENT(._peci_driver_api.static.*)))
                0x08003bd4                        _peci_driver_api_list_end = .
                0x08003bd4                        _peci_driver_api_ext_end = .
                0x08003bd4                        _ps2_driver_api_list_start = .
 *(SORT_BY_NAME(SORT_BY_ALIGNMENT(._ps2_driver_api.static.*)))
                0x08003bd4                        _ps2_driver_api_list_end = .
                0x08003bd4                        _ps2_driver_api_ext_end = .
                0x08003bd4                        _ptp_clock_driver_api_list_start = .
 *(SORT_BY_NAME(SORT_BY_ALIGNMENT(._ptp_clock_driver_api.static.*)))
                0x08003bd4                        _ptp_clock_driver_api_list_end = .
                0x08003bd4                        _ptp_clock_driver_api_ext_end = .
                0x08003bd4                        _pwm_driver_api_list_start = .
 *(SORT_BY_NAME(SORT_BY_ALIGNMENT(._pwm_driver_api.static.*)))
                0x08003bd4                        _pwm_driver_api_list_end = .
                0x08003bd4                        _pwm_driver_api_ext_end = .
                0x08003bd4                        _regulator_parent_driver_api_list_start = .
 *(SORT_BY_NAME(SORT_BY_ALIGNMENT(._regulator_parent_driver_api.static.*)))
                0x08003bd4                        _regulator_parent_driver_api_list_end = .
                0x08003bd4                        _regulator_parent_driver_api_ext_end = .
                0x08003bd4                        _regulator_driver_api_list_start = .
 *(SORT_BY_NAME(SORT_BY_ALIGNMENT(._regulator_driver_api.static.*)))
                0x08003bd4                        _regulator_driver_api_list_end = .
                0x08003bd4                        _regulator_driver_api_ext_end = .
                0x08003bd4                        _retained_mem_driver_api_list_start = .
 *(SORT_BY_NAME(SORT_BY_ALIGNMENT(._retained_mem_driver_api.static.*)))
                0x08003bd4                        _retained_mem_driver_api_list_end = .
                0x08003bd4                        _retained_mem_driver_api_ext_end = .
                0x08003bd4                        _rtc_driver_api_list_start = .
 *(SORT_BY_NAME(SORT_BY_ALIGNMENT(._rtc_driver_api.static.*)))
                0x08003bd4                        _rtc_driver_api_list_end = .
                0x08003bd4                        _rtc_driver_api_ext_end = .
                0x08003bd4                        _sdhc_driver_api_list_start = .
 *(SORT_BY_NAME(SORT_BY_ALIGNMENT(._sdhc_driver_api.static.*)))
                0x08003bd4                        _sdhc_driver_api_list_end = .
                0x08003bd4                        _sdhc_driver_api_ext_end = .
                0x08003bd4                        _sensor_driver_api_list_start = .
 *(SORT_BY_NAME(SORT_BY_ALIGNMENT(._sensor_driver_api.static.*)))
                0x08003bd4                        _sensor_driver_api_list_end = .
                0x08003bd4                        _sensor_driver_api_ext_end = .
                0x08003bd4                        _smbus_driver_api_list_start = .
 *(SORT_BY_NAME(SORT_BY_ALIGNMENT(._smbus_driver_api.static.*)))
                0x08003bd4                        _smbus_driver_api_list_end = .
                0x08003bd4                        _smbus_driver_api_ext_end = .
                0x08003bd4                        _spi_driver_api_list_start = .
 *(SORT_BY_NAME(SORT_BY_ALIGNMENT(._spi_driver_api.static.*)))
                0x08003bd4                        _spi_driver_api_list_end = .
                0x08003bd4                        _spi_driver_api_ext_end = .
                0x08003bd4                        _syscon_driver_api_list_start = .
 *(SORT_BY_NAME(SORT_BY_ALIGNMENT(._syscon_driver_api.static.*)))
                0x08003bd4                        _syscon_driver_api_list_end = .
                0x08003bd4                        _syscon_driver_api_ext_end = .
                0x08003bd4                        _tee_driver_api_list_start = .
 *(SORT_BY_NAME(SORT_BY_ALIGNMENT(._tee_driver_api.static.*)))
                0x08003bd4                        _tee_driver_api_list_end = .
                0x08003bd4                        _tee_driver_api_ext_end = .
                0x08003bd4                        _tgpio_driver_api_list_start = .
 *(SORT_BY_NAME(SORT_BY_ALIGNMENT(._tgpio_driver_api.static.*)))
                0x08003bd4                        _tgpio_driver_api_list_end = .
                0x08003bd4                        _tgpio_driver_api_ext_end = .
                0x08003bd4                        _uaol_driver_api_list_start = .
 *(SORT_BY_NAME(SORT_BY_ALIGNMENT(._uaol_driver_api.static.*)))
                0x08003bd4                        _uaol_driver_api_list_end = .
                0x08003bd4                        _uaol_driver_api_ext_end = .
                0x08003bd4                        _video_driver_api_list_start = .
 *(SORT_BY_NAME(SORT_BY_ALIGNMENT(._video_driver_api.static.*)))
                0x08003bd4                        _video_driver_api_list_end = .
                0x08003bd4                        _video_driver_api_ext_end = .
                0x08003bd4                        _virtio_driver_api_list_start = .
 *(SORT_BY_NAME(SORT_BY_ALIGNMENT(._virtio_driver_api.static.*)))
                0x08003bd4                        _virtio_driver_api_list_end = .
                0x08003bd4                        _virtio_driver_api_ext_end = .
                0x08003bd4                        _w1_driver_api_list_start = .
 *(SORT_BY_NAME(SORT_BY_ALIGNMENT(._w1_driver_api.static.*)))
                0x08003bd4                        _w1_driver_api_list_end = .
                0x08003bd4                        _w1_driver_api_ext_end = .
                0x08003bd4                        _wdt_driver_api_list_start = .
 *(SORT_BY_NAME(SORT_BY_ALIGNMENT(._wdt_driver_api.static.*)))
                0x08003bd4                        _wdt_driver_api_list_end = .
                0x08003bd4                        _wdt_driver_api_ext_end = .
                0x08003bd4                        _wuc_driver_api_list_start = .
 *(SORT_BY_NAME(SORT_BY_ALIGNMENT(._wuc_driver_api.static.*)))
                0x08003bd4                        _wuc_driver_api_list_end = .
                0x08003bd4                        _wuc_driver_api_ext_end = .
                0x08003bd4                        _can_transceiver_driver_api_list_start = .
 *(SORT_BY_NAME(SORT_BY_ALIGNMENT(._can_transceiver_driver_api.static.*)))
                0x08003bd4                        _can_transceiver_driver_api_list_end = .
                0x08003bd4                        _can_transceiver_driver_api_ext_end = .
                0x08003bd4                        _i3c_target_driver_api_list_start = .
 *(SORT_BY_NAME(SORT_BY_ALIGNMENT(._i3c_target_driver_api.static.*)))
                0x08003bd4                        _i3c_target_driver_api_list_end = .
                0x08003bd4                        _i3c_target_driver_api_ext_end = .
                0x08003bd4                        _its_driver_api_list_start = .
 *(SORT_BY_NAME(SORT_BY_ALIGNMENT(._its_driver_api.static.*)))
                0x08003bd4                        _its_driver_api_list_end = .
                0x08003bd4                        _its_driver_api_ext_end = .
                0x08003bd4                        _vtd_driver_api_list_start = .
 *(SORT_BY_NAME(SORT_BY_ALIGNMENT(._vtd_driver_api.static.*)))
                0x08003bd4                        _vtd_driver_api_list_end = .
                0x08003bd4                        _vtd_driver_api_ext_end = .
                0x08003bd4                        _renesas_elc_driver_api_list_start = .
 *(SORT_BY_NAME(SORT_BY_ALIGNMENT(._renesas_elc_driver_api.static.*)))
                0x08003bd4                        _renesas_elc_driver_api_list_end = .
                0x08003bd4                        _renesas_elc_driver_api_ext_end = .
                0x08003bd4                        _pcie_ctrl_driver_api_list_start = .
 *(SORT_BY_NAME(SORT_BY_ALIGNMENT(._pcie_ctrl_driver_api.static.*)))
                0x08003bd4                        _pcie_ctrl_driver_api_list_end = .
                0x08003bd4                        _pcie_ctrl_driver_api_ext_end = .
                0x08003bd4                        _pcie_ep_driver_api_list_start = .
 *(SORT_BY_NAME(SORT_BY_ALIGNMENT(._pcie_ep_driver_api.static.*)))
                0x08003bd4                        _pcie_ep_driver_api_list_end = .
                0x08003bd4                        _pcie_ep_driver_api_ext_end = .
                0x08003bd4                        _psi5_driver_api_list_start = .
 *(SORT_BY_NAME(SORT_BY_ALIGNMENT(._psi5_driver_api.static.*)))
                0x08003bd4                        _psi5_driver_api_list_end = .
                0x08003bd4                        _psi5_driver_api_ext_end = .
                0x08003bd4                        _sent_driver_api_list_start = .
 *(SORT_BY_NAME(SORT_BY_ALIGNMENT(._sent_driver_api.static.*)))
                0x08003bd4                        _sent_driver_api_list_end = .
                0x08003bd4                        _sent_driver_api_ext_end = .
                0x08003bd4                        _svc_driver_api_list_start = .
 *(SORT_BY_NAME(SORT_BY_ALIGNMENT(._svc_driver_api.static.*)))
                0x08003bd4                        _svc_driver_api_list_end = .
                0x08003bd4                        _svc_driver_api_ext_end = .
                0x08003bd4                        _stepper_driver_api_list_start = .
 *(SORT_BY_NAME(SORT_BY_ALIGNMENT(._stepper_driver_api.static.*)))
                0x08003bd4                        _stepper_driver_api_list_end = .
                0x08003bd4                        _stepper_driver_api_ext_end = .
                0x08003bd4                        _stepper_ctrl_driver_api_list_start = .
 *(SORT_BY_NAME(SORT_BY_ALIGNMENT(._stepper_ctrl_driver_api.static.*)))
                0x08003bd4                        _stepper_ctrl_driver_api_list_end = .
                0x08003bd4                        _stepper_ctrl_driver_api_ext_end = .
                0x08003bd4                        _uart_driver_api_list_start = .
 *(SORT_BY_NAME(SORT_BY_ALIGNMENT(._uart_driver_api.static.*)))
 ._uart_driver_api.static.uart_stm32_driver_api_
                0x08003bd4       0x14 zephyr/drivers/serial/libdrivers__serial.a(uart_stm32.c.obj)
                0x08003be8                        _uart_driver_api_list_end = .
                0x08003be8                        _uart_driver_api_ext_end = .
                0x08003be8                        _bc12_emul_driver_api_list_start = .
 *(SORT_BY_NAME(SORT_BY_ALIGNMENT(._bc12_emul_driver_api.static.*)))
                0x08003be8                        _bc12_emul_driver_api_list_end = .
                0x08003be8                        _bc12_emul_driver_api_ext_end = .
                0x08003be8                        _bc12_driver_api_list_start = .
 *(SORT_BY_NAME(SORT_BY_ALIGNMENT(._bc12_driver_api.static.*)))
                0x08003be8                        _bc12_driver_api_list_end = .
                0x08003be8                        _bc12_driver_api_ext_end = .
                0x08003be8                        _usbc_ppc_driver_api_list_start = .
 *(SORT_BY_NAME(SORT_BY_ALIGNMENT(._usbc_ppc_driver_api.static.*)))
                0x08003be8                        _usbc_ppc_driver_api_list_end = .
                0x08003be8                        _usbc_ppc_driver_api_ext_end = .
                0x08003be8                        _tcpc_driver_api_list_start = .
 *(SORT_BY_NAME(SORT_BY_ALIGNMENT(._tcpc_driver_api.static.*)))
                0x08003be8                        _tcpc_driver_api_list_end = .
                0x08003be8                        _tcpc_driver_api_ext_end = .
                0x08003be8                        _usbc_vbus_driver_api_list_start = .
 *(SORT_BY_NAME(SORT_BY_ALIGNMENT(._usbc_vbus_driver_api.static.*)))
                0x08003be8                        _usbc_vbus_driver_api_list_end = .
                0x08003be8                        _usbc_vbus_driver_api_ext_end = .
                0x08003be8                        _ivshmem_driver_api_list_start = .
 *(SORT_BY_NAME(SORT_BY_ALIGNMENT(._ivshmem_driver_api.static.*)))
                0x08003be8                        _ivshmem_driver_api_list_end = .
                0x08003be8                        _ivshmem_driver_api_ext_end = .
                0x08003be8                        _ethphy_driver_api_list_start = .
 *(SORT_BY_NAME(SORT_BY_ALIGNMENT(._ethphy_driver_api.static.*)))
                0x08003be8                        _ethphy_driver_api_list_end = .
                0x08003be8                        _ethphy_driver_api_ext_end = .

ztest           0x08003be8        0x0
                0x08003be8                        _ztest_expected_result_entry_list_start = .
 *(SORT_BY_NAME(SORT_BY_ALIGNMENT(._ztest_expected_result_entry.static.*)))
                0x08003be8                        _ztest_expected_result_entry_list_end = .
                0x08003be8                        _ztest_suite_node_list_start = .
 *(SORT_BY_NAME(SORT_BY_ALIGNMENT(._ztest_suite_node.static.*)))
                0x08003be8                        _ztest_suite_node_list_end = .
                0x08003be8                        _ztest_unit_test_list_start = .
 *(SORT_BY_NAME(SORT_BY_ALIGNMENT(._ztest_unit_test.static.*)))
                0x08003be8                        _ztest_unit_test_list_end = .
                0x08003be8                        _ztest_test_rule_list_start = .
 *(SORT_BY_NAME(SORT_BY_ALIGNMENT(._ztest_test_rule.static.*)))
                0x08003be8                        _ztest_test_rule_list_end = .

init_array      0x08003be8        0x0
                0x08003be8                        __zephyr_init_array_start = .
 *(SORT_BY_INIT_PRIORITY(.init_array.*) SORT_BY_INIT_PRIORITY(.ctors.*))
 *(SORT_BY_ALIGNMENT(.init_array) SORT_BY_ALIGNMENT(.ctors))
                0x08003be8                        __zephyr_init_array_end = .
                0x00000001                        ASSERT ((__zephyr_init_array_start == __zephyr_init_array_end), GNU-style constructors required but STATIC_INIT_GNU not enabled)

bt_l2cap_fixed_chan_area
                0x08003be8        0x0
                0x08003be8                        _bt_l2cap_fixed_chan_list_start = .
 *(SORT_BY_NAME(SORT_BY_ALIGNMENT(._bt_l2cap_fixed_chan.static.*)))
                0x08003be8                        _bt_l2cap_fixed_chan_list_end = .

bt_gatt_service_static_area
                0x08003be8        0x0
                0x08003be8                        _bt_gatt_service_static_list_start = .
 *(SORT_BY_NAME(SORT_BY_ALIGNMENT(._bt_gatt_service_static.static.*)))
                0x08003be8                        _bt_gatt_service_static_list_end = .

log_strings_area
                0x08003be8        0x0
                0x08003be8                        _log_strings_list_start = .
 *(SORT_BY_NAME(SORT_BY_ALIGNMENT(._log_strings.static.*)))
                0x08003be8                        _log_strings_list_end = .

log_stmesp_ptr_area
                0x08003be8        0x0
                0x08003be8                        _log_stmesp_ptr_list_start = .
 *(SORT_BY_NAME(SORT_BY_ALIGNMENT(._log_stmesp_ptr.static.*)))
                0x08003be8                        _log_stmesp_ptr_list_end = .

log_stmesp_str_area
                0x08003be8        0x0
                0x08003be8                        _log_stmesp_str_list_start = .
 *(SORT_BY_NAME(SORT_BY_ALIGNMENT(._log_stmesp_str.static.*)))
                0x08003be8                        _log_stmesp_str_list_end = .

log_const_area  0x08003be8        0x0
                0x08003be8                        _log_const_list_start = .
 *(SORT_BY_NAME(SORT_BY_ALIGNMENT(._log_const.static.*)))
                0x08003be8                        _log_const_list_end = .

log_backend_area
                0x08003be8        0x0
                0x08003be8                        _log_backend_list_start = .
 *(SORT_BY_NAME(SORT_BY_ALIGNMENT(._log_backend.static.*)))
                0x08003be8                        _log_backend_list_end = .

log_link_area   0x08003be8        0x0
                0x08003be8                        _log_link_list_start = .
 *(SORT_BY_NAME(SORT_BY_ALIGNMENT(._log_link.static.*)))
                0x08003be8                        _log_link_list_end = .

tracing_backend_area
                0x08003be8        0x0
                0x08003be8                        _tracing_backend_list_start = .
 *(SORT_BY_NAME(SORT_BY_ALIGNMENT(._tracing_backend.static.*)))
                0x08003be8                        _tracing_backend_list_end = .

zephyr_dbg_info
 *(SORT_BY_ALIGNMENT(.dbg_thread_info))

intc_table_area
                0x08003be8        0x0
                0x08003be8                        _intc_table_list_start = .
 *(SORT_BY_NAME(SORT_BY_ALIGNMENT(._intc_table.static.*)))
                0x08003be8                        _intc_table_list_end = .

symbol_to_keep  0x08003be8        0x0
                0x08003be8                        __symbol_to_keep_start = .
 *(SORT_BY_NAME(SORT_BY_ALIGNMENT(.symbol_to_keep*)))
                0x08003be8                        __symbol_to_keep_end = .

shell_area      0x08003be8        0x0
                0x08003be8                        _shell_list_start = .
 *(SORT_BY_NAME(SORT_BY_ALIGNMENT(._shell.static.*)))
                0x08003be8                        _shell_list_end = .

shell_root_cmds_area
                0x08003be8        0x0
                0x08003be8                        _shell_root_cmds_list_start = .
 *(SORT_BY_NAME(SORT_BY_ALIGNMENT(._shell_root_cmds.static.*)))
                0x08003be8                        _shell_root_cmds_list_end = .

shell_subcmds_area
                0x08003be8        0x0
                0x08003be8                        _shell_subcmds_list_start = .
 *(SORT_BY_NAME(SORT_BY_ALIGNMENT(._shell_subcmds.static.*)))
                0x08003be8                        _shell_subcmds_list_end = .

shell_dynamic_subcmds_area
                0x08003be8        0x0
                0x08003be8                        _shell_dynamic_subcmds_list_start = .
 *(SORT_BY_NAME(SORT_BY_ALIGNMENT(._shell_dynamic_subcmds.static.*)))
                0x08003be8                        _shell_dynamic_subcmds_list_end = .

shell_remote_area
                0x08003be8        0x0
                0x08003be8                        _shell_remote_list_start = .
 *(SORT_BY_NAME(SORT_BY_ALIGNMENT(._shell_remote.static.*)))
                0x08003be8                        _shell_remote_list_end = .

cfb_font_area   0x08003be8        0x0
                0x08003be8                        _cfb_font_list_start = .
 *(SORT_BY_NAME(SORT_BY_ALIGNMENT(._cfb_font.static.*)))
                0x08003be8                        _cfb_font_list_end = .

tdata           0x08003be8        0x0
 *(SORT_BY_ALIGNMENT(.tdata) SORT_BY_ALIGNMENT(.tdata.*) SORT_BY_ALIGNMENT(.gnu.linkonce.td.*))

tbss            0x08003be8        0x4
 *(SORT_BY_ALIGNMENT(.tbss) SORT_BY_ALIGNMENT(.tbss.*) SORT_BY_ALIGNMENT(.gnu.linkonce.tb.*) SORT_BY_ALIGNMENT(.tcommon))
 .tbss.z_tls_current
                0x08003be8        0x4 zephyr/libzephyr.a(thread_entry.c.obj)
                0x08003be8                z_tls_current
                0x08003be8                        PROVIDE (__tdata_start = LOADADDR (tdata))
                0x00000001                        PROVIDE (__tdata_align = ALIGNOF (tdata))
                0x00000000                        PROVIDE (__tdata_size = (((SIZEOF (tdata) + __tdata_align) - 0x1) & ~ ((__tdata_align - 0x1))))
                [!provide]                        PROVIDE (__tdata_end = (__tdata_start + __tdata_size))
                0x00000004                        PROVIDE (__tbss_align = ALIGNOF (tbss))
                [!provide]                        PROVIDE (__tbss_start = ADDR (tbss))
                0x00000004                        PROVIDE (__tbss_size = (((SIZEOF (tbss) + __tbss_align) - 0x1) & ~ ((__tbss_align - 0x1))))
                [!provide]                        PROVIDE (__tbss_end = (__tbss_start + __tbss_size))
                [!provide]                        PROVIDE (__tls_start = __tdata_start)
                [!provide]                        PROVIDE (__tls_size = (__tbss_end - __tdata_start))
                [!provide]                        PROVIDE (__tls_end = __tbss_end)

rodata          0x08003be8      0x7f4
 *(SORT_BY_ALIGNMENT(.rodata))
 .rodata        0x08003be8        0x8 zephyr/drivers/interrupt_controller/libdrivers__interrupt_controller.a(intc_exti_stm32.c.obj)
 *(SORT_BY_ALIGNMENT(.rodata.*))
 .rodata.gpio_stm32_cfg_k
                0x08003bf0       0x14 zephyr/libzephyr.a(gpioport_mgr.c.obj)
 .rodata.gpio_stm32_cfg_j
                0x08003c04       0x14 zephyr/libzephyr.a(gpioport_mgr.c.obj)
 .rodata.gpio_stm32_cfg_i
                0x08003c18       0x14 zephyr/libzephyr.a(gpioport_mgr.c.obj)
 .rodata.gpio_stm32_cfg_h
                0x08003c2c       0x14 zephyr/libzephyr.a(gpioport_mgr.c.obj)
 .rodata.gpio_stm32_cfg_g
                0x08003c40       0x14 zephyr/libzephyr.a(gpioport_mgr.c.obj)
 .rodata.gpio_stm32_cfg_f
                0x08003c54       0x14 zephyr/libzephyr.a(gpioport_mgr.c.obj)
 .rodata.gpio_stm32_cfg_e
                0x08003c68       0x14 zephyr/libzephyr.a(gpioport_mgr.c.obj)
 .rodata.gpio_stm32_cfg_d
                0x08003c7c       0x14 zephyr/libzephyr.a(gpioport_mgr.c.obj)
 .rodata.gpio_stm32_cfg_c
                0x08003c90       0x14 zephyr/libzephyr.a(gpioport_mgr.c.obj)
 .rodata.gpio_stm32_cfg_b
                0x08003ca4       0x14 zephyr/libzephyr.a(gpioport_mgr.c.obj)
 .rodata.gpio_stm32_cfg_a
                0x08003cb8       0x14 zephyr/libzephyr.a(gpioport_mgr.c.obj)
 .rodata.gpio_ports
                0x08003ccc       0x2c zephyr/libzephyr.a(gpioport_mgr.c.obj)
 .rodata.mem_attr_region
                0x08003cf8       0x30 zephyr/libzephyr.a(mem_attr.c.obj)
 .rodata.static_regions
                0x08003d28        0xc zephyr/arch/arch/arm/core/mpu/libarch__arm__core__mpu.a(arm_core_mpu.c.obj)
 .rodata.mpu_config
                0x08003d34        0x8 zephyr/arch/arch/arm/core/mpu/libarch__arm__core__mpu.a(arm_mpu_regions.c.obj)
                0x08003d34                mpu_config
 .rodata.mpu_regions
                0x08003d3c       0x18 zephyr/arch/arch/arm/core/mpu/libarch__arm__core__mpu.a(arm_mpu_regions.c.obj)
 .rodata.stdout
                0x08003d54        0x4 zephyr/lib/libc/picolibc/liblib__libc__picolibc.a(stdio.c.obj)
                0x08003d54                stdout
                0x08003d54                stderr
 .rodata.reset_stm32_config
                0x08003d58        0x4 zephyr/drivers/reset/libdrivers__reset.a(reset_stm32.c.obj)
 .rodata.uart_stm32_cfg_1
                0x08003d5c       0x28 zephyr/drivers/serial/libdrivers__serial.a(uart_stm32.c.obj)
 .rodata.pclken_1
                0x08003d84        0x8 zephyr/drivers/serial/libdrivers__serial.a(uart_stm32.c.obj)
 .rodata.__pinctrl_dev_config__device_dts_ord_88
                0x08003d8c        0x8 zephyr/drivers/serial/libdrivers__serial.a(uart_stm32.c.obj)
 .rodata.__pinctrl_states__device_dts_ord_88
                0x08003d94        0x8 zephyr/drivers/serial/libdrivers__serial.a(uart_stm32.c.obj)
 .rodata.__pinctrl_state_pins_0__device_dts_ord_88
                0x08003d9c        0x8 zephyr/drivers/serial/libdrivers__serial.a(uart_stm32.c.obj)
 .rodata.uart_stm32_cfg_0
                0x08003da4       0x28 zephyr/drivers/serial/libdrivers__serial.a(uart_stm32.c.obj)
 .rodata.pclken_0
                0x08003dcc        0x8 zephyr/drivers/serial/libdrivers__serial.a(uart_stm32.c.obj)
 .rodata.__pinctrl_dev_config__device_dts_ord_85
                0x08003dd4        0x8 zephyr/drivers/serial/libdrivers__serial.a(uart_stm32.c.obj)
 .rodata.__pinctrl_states__device_dts_ord_85
                0x08003ddc        0x8 zephyr/drivers/serial/libdrivers__serial.a(uart_stm32.c.obj)
 .rodata.__pinctrl_state_pins_0__device_dts_ord_85
                0x08003de4        0x8 zephyr/drivers/serial/libdrivers__serial.a(uart_stm32.c.obj)
 .rodata.levels.0
                0x08003dec       0x18 zephyr/kernel/libkernel.a(init.c.obj)
 .rodata.CSWTCH.87
                0x08003e04        0x6 zephyr/drivers/serial/libdrivers__serial.a(uart_stm32.c.obj)
 .rodata.main.str1.1
                0x08003e0a      0x5b2 app/libapp.a(main.c.obj)
                                 0x16 (size before relaxing)
 .rodata.boot_banner.str1.1
                0x080043bc       0x3b zephyr/libzephyr.a(boot_banner.c.obj)
 .rodata.str1.1
                0x080043bc       0x9a zephyr/libzephyr.a(gpioport_mgr.c.obj)
 .rodata.str1.1
                0x080043bc       0x3b zephyr/libzephyr.a(mem_attr.c.obj)
 .rodata.z_arm_fatal_error.str1.1
                0x080043bc       0xb3 zephyr/arch/arch/arm/core/libarch__arm__core.a(fatal.c.obj)
 .rodata.mem_manage_fault.str1.1
                0x080043bc       0xdf zephyr/arch/arch/arm/core/cortex_m/libarch__arm__core__cortex_m.a(fault.c.obj)
 .rodata.usage_fault.isra.0.str1.1
                0x080043bc       0xd4 zephyr/arch/arch/arm/core/cortex_m/libarch__arm__core__cortex_m.a(fault.c.obj)
 .rodata.bus_fault.isra.0.str1.1
                0x080043bc       0x8e zephyr/arch/arch/arm/core/cortex_m/libarch__arm__core__cortex_m.a(fault.c.obj)
 .rodata.z_arm_fault.str1.1
                0x080043bc      0x119 zephyr/arch/arch/arm/core/cortex_m/libarch__arm__core__cortex_m.a(fault.c.obj)
 .rodata.str1.1
                0x080043bc        0xf zephyr/arch/arch/arm/core/mpu/libarch__arm__core__mpu.a(arm_mpu_regions.c.obj)
 .rodata.str1.1
                0x080043bc       0x1e zephyr/drivers/interrupt_controller/libdrivers__interrupt_controller.a(intc_exti_stm32.c.obj)
 .rodata.line_range_6.0
                0x080043bc        0x2 zephyr/drivers/interrupt_controller/libdrivers__interrupt_controller.a(intc_gpio_stm32.c.obj)
 .rodata.line_range_5.1
                0x080043be        0x2 zephyr/drivers/interrupt_controller/libdrivers__interrupt_controller.a(intc_gpio_stm32.c.obj)
 .rodata.line_range_4.2
                0x080043c0        0x2 zephyr/drivers/interrupt_controller/libdrivers__interrupt_controller.a(intc_gpio_stm32.c.obj)
 .rodata.line_range_3.3
                0x080043c2        0x2 zephyr/drivers/interrupt_controller/libdrivers__interrupt_controller.a(intc_gpio_stm32.c.obj)
 .rodata.line_range_2.4
                0x080043c4        0x2 zephyr/drivers/interrupt_controller/libdrivers__interrupt_controller.a(intc_gpio_stm32.c.obj)
 .rodata.line_range_1.5
                0x080043c6        0x2 zephyr/drivers/interrupt_controller/libdrivers__interrupt_controller.a(intc_gpio_stm32.c.obj)
 .rodata.line_range_0.6
                0x080043c8        0x2 zephyr/drivers/interrupt_controller/libdrivers__interrupt_controller.a(intc_gpio_stm32.c.obj)
 .rodata.str1.1
                0x080043ca        0xd zephyr/drivers/clock_control/libdrivers__clock_control.a(clock_stm32_ll_common.c.obj)
 .rodata.str1.1
                0x080043ca       0x11 zephyr/drivers/reset/libdrivers__reset.a(reset_stm32.c.obj)
 .rodata.str1.1
                0x080043ca       0x20 zephyr/drivers/serial/libdrivers__serial.a(uart_stm32.c.obj)
 .rodata.AHBPrescTable
                0x080043ca       0x10 modules/hal_stm32/stm32cube/lib..__modules__hal__stm32__stm32cube.a(system_stm32f7xx.c.obj)
                0x080043ca                AHBPrescTable
 .rodata.z_cstart.str1.1
                0x080043da        0x5 zephyr/kernel/libkernel.a(init.c.obj)
 .rodata.__l_vfprintf.str1.1
                0x080043da        0xf /home/gucio/zephyr-sdk-1.0.1/gnu/arm-zephyr-eabi/bin/../lib/gcc/arm-zephyr-eabi/14.3.0/../../../../arm-zephyr-eabi/lib/thumb/v7e-m/nofp/space/libc.a(libc_tinystdio_vflprintf.c.o)
 *(SORT_BY_ALIGNMENT(.gnu.linkonce.r.*))
                0x080044d8                        . = ALIGN (0x4)
 *fill*         0x080043da        0x2 
                [!provide]                        PROVIDE (__eh_frame_start = 0x0)
                [!provide]                        PROVIDE (__eh_frame_end = 0x0)
                [!provide]                        PROVIDE (__eh_frame_hdr_start = 0x0)
                [!provide]                        PROVIDE (__eh_frame_hdr_end = 0x0)

/DISCARD/
 *(SORT_BY_ALIGNMENT(.eh_frame))
                0x080043dc                        __rodata_region_end = .
                0x080043e0                        . = ALIGN (_region_min_align)
                0x08008000                        . = ALIGN ((0x1 << LOG2CEIL ((__rodata_region_end - ADDR (rom_start)))))
                0x08008000                        __rom_region_end = ((__rom_region_start + .) - ADDR (rom_start))
                0x00008000                        __rom_region_size = (__rom_region_end - __rom_region_start)

/DISCARD/
 *(SORT_BY_ALIGNMENT(.got.plt))
 *(SORT_BY_ALIGNMENT(.igot.plt))
 *(SORT_BY_ALIGNMENT(.got))
 *(SORT_BY_ALIGNMENT(.igot))
                0x20010000                        . = 0x20010000
                0x20010000                        . = ALIGN (_region_min_align)
                0x20010000                        _image_ram_start = .

.ramfunc        0x20010000        0x0 load address 0x080043dc
                0x20010000                        __ramfunc_region_start = .
                0x20010000                        . = ALIGN (_region_min_align)
                0x20010000                        . = ALIGN ((0x1 << LOG2CEIL (__ramfunc_size)))
                0x20010000                        __ramfunc_start = .
 *(SORT_BY_ALIGNMENT(.ramfunc))
 *(SORT_BY_ALIGNMENT(.ramfunc.*))
                0x20010000                        . = ALIGN (_region_min_align)
                0x20010000                        . = ALIGN ((0x1 << LOG2CEIL (__ramfunc_size)))
                0x20010000                        __ramfunc_end = .
                0x00000000                        __ramfunc_size = (__ramfunc_end - __ramfunc_start)
                0x080043dc                        __ramfunc_load_start = LOADADDR (.ramfunc)

datas           0x20010000       0x50 load address 0x080043dc
                0x20010000                        __data_region_start = .
                0x20010000                        __data_start = .
 *(SORT_BY_ALIGNMENT(.data))
 *(SORT_BY_ALIGNMENT(.data.*))
 .data._char_out
                0x20010000        0x4 zephyr/libzephyr.a(printk.c.obj)
 .data.__stdout
                0x20010004       0x10 zephyr/lib/libc/picolibc/liblib__libc__picolibc.a(stdio.c.obj)
 .data.uart_stm32_data_1
                0x20010014        0x4 zephyr/drivers/serial/libdrivers__serial.a(uart_stm32.c.obj)
 .data.uart_cfg_1
                0x20010018        0x8 zephyr/drivers/serial/libdrivers__serial.a(uart_stm32.c.obj)
 .data.uart_stm32_data_0
                0x20010020        0x4 zephyr/drivers/serial/libdrivers__serial.a(uart_stm32.c.obj)
 .data.uart_cfg_0
                0x20010024        0x8 zephyr/drivers/serial/libdrivers__serial.a(uart_stm32.c.obj)
 .data.SystemCoreClock
                0x2001002c        0x4 modules/hal_stm32/stm32cube/lib..__modules__hal__stm32__stm32cube.a(system_stm32f7xx.c.obj)
                0x2001002c                SystemCoreClock
 .data.slice_ticks
                0x20010030        0x4 zephyr/kernel/libkernel.a(timeslicing.c.obj)
 .data.announcing_cpu
                0x20010034        0x4 zephyr/kernel/libkernel.a(timeout.c.obj)
 .data.timeout_list
                0x20010038        0x8 zephyr/kernel/libkernel.a(timeout.c.obj)
 .data.exti_irq_table
                0x20010040       0x10 zephyr/drivers/interrupt_controller/libdrivers__interrupt_controller.a(intc_gpio_stm32.c.obj)
 *(SORT_BY_ALIGNMENT(.kernel.*))
                0x20010050                        __data_end = .
                0x00000050                        __data_size = (__data_end - __data_start)
                0x080043dc                        __data_load_start = LOADADDR (datas)
                0x080043dc                        __data_region_load_start = LOADADDR (datas)

device_states   0x20010050       0x20 load address 0x0800442c
                0x20010050                        . = ALIGN (0x4)
                0x20010050                        __device_states_start = .
 *(SORT_BY_ALIGNMENT(.z_devstate))
 .z_devstate    0x20010050       0x16 zephyr/libzephyr.a(gpioport_mgr.c.obj)
 .z_devstate    0x20010066        0x2 zephyr/drivers/interrupt_controller/libdrivers__interrupt_controller.a(intc_exti_stm32.c.obj)
 .z_devstate    0x20010068        0x2 zephyr/drivers/clock_control/libdrivers__clock_control.a(clock_stm32_ll_common.c.obj)
 .z_devstate    0x2001006a        0x2 zephyr/drivers/reset/libdrivers__reset.a(reset_stm32.c.obj)
 .z_devstate    0x2001006c        0x4 zephyr/drivers/serial/libdrivers__serial.a(uart_stm32.c.obj)
 *(SORT_BY_ALIGNMENT(.z_devstate.*))
                0x20010070                        __device_states_end = .
                0x20010070                        . = ALIGN (0x4)

log_mpsc_pbuf_area